Archive member included to satisfy reference by file (symbol)

/opt/st/stm32cubeide_1.3.0_2/plugins/com.st.stm32cube.ide.mcu.externaltools.gnu-tools-for-stm32.7-2018-q2-update.linux64_1.0.0.201904181610/tools/bin/../lib/gcc/arm-none-eabi/7.3.1/../../../../arm-none-eabi/lib/thumb/v7e-m/fpv4-sp/hard/libc_nano.a(lib_a-errno.o)
                              src/syscalls.o (__errno)
/opt/st/stm32cubeide_1.3.0_2/plugins/com.st.stm32cube.ide.mcu.externaltools.gnu-tools-for-stm32.7-2018-q2-update.linux64_1.0.0.201904181610/tools/bin/../lib/gcc/arm-none-eabi/7.3.1/../../../../arm-none-eabi/lib/thumb/v7e-m/fpv4-sp/hard/libc_nano.a(lib_a-exit.o)
                              /opt/st/stm32cubeide_1.3.0_2/plugins/com.st.stm32cube.ide.mcu.externaltools.gnu-tools-for-stm32.7-2018-q2-update.linux64_1.0.0.201904181610/tools/bin/../lib/gcc/arm-none-eabi/7.3.1/../../../../arm-none-eabi/lib/thumb/v7e-m/fpv4-sp/hard/crt0.o (exit)
/opt/st/stm32cubeide_1.3.0_2/plugins/com.st.stm32cube.ide.mcu.externaltools.gnu-tools-for-stm32.7-2018-q2-update.linux64_1.0.0.201904181610/tools/bin/../lib/gcc/arm-none-eabi/7.3.1/../../../../arm-none-eabi/lib/thumb/v7e-m/fpv4-sp/hard/libc_nano.a(lib_a-impure.o)
                              /opt/st/stm32cubeide_1.3.0_2/plugins/com.st.stm32cube.ide.mcu.externaltools.gnu-tools-for-stm32.7-2018-q2-update.linux64_1.0.0.201904181610/tools/bin/../lib/gcc/arm-none-eabi/7.3.1/../../../../arm-none-eabi/lib/thumb/v7e-m/fpv4-sp/hard/libc_nano.a(lib_a-exit.o) (_global_impure_ptr)
/opt/st/stm32cubeide_1.3.0_2/plugins/com.st.stm32cube.ide.mcu.externaltools.gnu-tools-for-stm32.7-2018-q2-update.linux64_1.0.0.201904181610/tools/bin/../lib/gcc/arm-none-eabi/7.3.1/../../../../arm-none-eabi/lib/thumb/v7e-m/fpv4-sp/hard/libc_nano.a(lib_a-init.o)
                              /opt/st/stm32cubeide_1.3.0_2/plugins/com.st.stm32cube.ide.mcu.externaltools.gnu-tools-for-stm32.7-2018-q2-update.linux64_1.0.0.201904181610/tools/bin/../lib/gcc/arm-none-eabi/7.3.1/../../../../arm-none-eabi/lib/thumb/v7e-m/fpv4-sp/hard/crt0.o (__libc_init_array)
/opt/st/stm32cubeide_1.3.0_2/plugins/com.st.stm32cube.ide.mcu.externaltools.gnu-tools-for-stm32.7-2018-q2-update.linux64_1.0.0.201904181610/tools/bin/../lib/gcc/arm-none-eabi/7.3.1/../../../../arm-none-eabi/lib/thumb/v7e-m/fpv4-sp/hard/libc_nano.a(lib_a-memcmp.o)
                              SEGGER/OS/SEGGER_SYSVIEW_FreeRTOS.o (memcmp)
/opt/st/stm32cubeide_1.3.0_2/plugins/com.st.stm32cube.ide.mcu.externaltools.gnu-tools-for-stm32.7-2018-q2-update.linux64_1.0.0.201904181610/tools/bin/../lib/gcc/arm-none-eabi/7.3.1/../../../../arm-none-eabi/lib/thumb/v7e-m/fpv4-sp/hard/libc_nano.a(lib_a-memcpy-stub.o)
                              FreeRTOS/org/Source/queue.o (memcpy)
/opt/st/stm32cubeide_1.3.0_2/plugins/com.st.stm32cube.ide.mcu.externaltools.gnu-tools-for-stm32.7-2018-q2-update.linux64_1.0.0.201904181610/tools/bin/../lib/gcc/arm-none-eabi/7.3.1/../../../../arm-none-eabi/lib/thumb/v7e-m/fpv4-sp/hard/libc_nano.a(lib_a-memset.o)
                              /opt/st/stm32cubeide_1.3.0_2/plugins/com.st.stm32cube.ide.mcu.externaltools.gnu-tools-for-stm32.7-2018-q2-update.linux64_1.0.0.201904181610/tools/bin/../lib/gcc/arm-none-eabi/7.3.1/../../../../arm-none-eabi/lib/thumb/v7e-m/fpv4-sp/hard/crt0.o (memset)
/opt/st/stm32cubeide_1.3.0_2/plugins/com.st.stm32cube.ide.mcu.externaltools.gnu-tools-for-stm32.7-2018-q2-update.linux64_1.0.0.201904181610/tools/bin/../lib/gcc/arm-none-eabi/7.3.1/../../../../arm-none-eabi/lib/thumb/v7e-m/fpv4-sp/hard/libc_nano.a(lib_a-sprintf.o)
                              src/main.o (sprintf)
/opt/st/stm32cubeide_1.3.0_2/plugins/com.st.stm32cube.ide.mcu.externaltools.gnu-tools-for-stm32.7-2018-q2-update.linux64_1.0.0.201904181610/tools/bin/../lib/gcc/arm-none-eabi/7.3.1/../../../../arm-none-eabi/lib/thumb/v7e-m/fpv4-sp/hard/libc_nano.a(lib_a-strlen.o)
                              SEGGER/SEGGER/SEGGER_RTT.o (strlen)
/opt/st/stm32cubeide_1.3.0_2/plugins/com.st.stm32cube.ide.mcu.externaltools.gnu-tools-for-stm32.7-2018-q2-update.linux64_1.0.0.201904181610/tools/bin/../lib/gcc/arm-none-eabi/7.3.1/../../../../arm-none-eabi/lib/thumb/v7e-m/fpv4-sp/hard/libc_nano.a(lib_a-nano-svfprintf.o)
                              /opt/st/stm32cubeide_1.3.0_2/plugins/com.st.stm32cube.ide.mcu.externaltools.gnu-tools-for-stm32.7-2018-q2-update.linux64_1.0.0.201904181610/tools/bin/../lib/gcc/arm-none-eabi/7.3.1/../../../../arm-none-eabi/lib/thumb/v7e-m/fpv4-sp/hard/libc_nano.a(lib_a-sprintf.o) (_svfprintf_r)
/opt/st/stm32cubeide_1.3.0_2/plugins/com.st.stm32cube.ide.mcu.externaltools.gnu-tools-for-stm32.7-2018-q2-update.linux64_1.0.0.201904181610/tools/bin/../lib/gcc/arm-none-eabi/7.3.1/../../../../arm-none-eabi/lib/thumb/v7e-m/fpv4-sp/hard/libc_nano.a(lib_a-nano-vfprintf_i.o)
[...]
Memory Configuration

Name             Origin             Length             Attributes
RAM              0x0000000020000000 0x0000000000020000 xrw
ROM              0x0000000008000000 0x0000000000100000 xr
*default*        0x0000000000000000 0xffffffffffffffff

Linker script and memory map

LOAD /opt/st/stm32cubeide_1.3.0_2/plugins/com.st.stm32cube.ide.mcu.externaltools.gnu-tools-for-stm32.7-2018-q2-update.linux64_1.0.0.201904181610/tools/bin/../lib/gcc/arm-none-eabi/7.3.1/thumb/v7e-m/fpv4-sp/hard/crti.o
LOAD /opt/st/stm32cubeide_1.3.0_2/plugins/com.st.stm32cube.ide.mcu.externaltools.gnu-tools-for-stm32.7-2018-q2-update.linux64_1.0.0.201904181610/tools/bin/../lib/gcc/arm-none-eabi/7.3.1/thumb/v7e-m/fpv4-sp/hard/crtbegin.o
LOAD /opt/st/stm32cubeide_1.3.0_2/plugins/com.st.stm32cube.ide.mcu.externaltools.gnu-tools-for-stm32.7-2018-q2-update.linux64_1.0.0.201904181610/tools/bin/../lib/gcc/arm-none-eabi/7.3.1/../../../../arm-none-eabi/lib/thumb/v7e-m/fpv4-sp/hard/crt0.o
LOAD FreeRTOS/org/Source/croutine.o
LOAD FreeRTOS/org/Source/event_groups.o
LOAD FreeRTOS/org/Source/list.o
LOAD FreeRTOS/org/Source/queue.o
LOAD FreeRTOS/org/Source/stream_buffer.o
LOAD FreeRTOS/org/Source/tasks.o
LOAD FreeRTOS/org/Source/timers.o
LOAD FreeRTOS/org/Source/portable/GCC/ARM_CM4F/port.o
LOAD FreeRTOS/org/Source/portable/MemMang/heap_4.o
LOAD SEGGER/Config/SEGGER_SYSVIEW_Config_FreeRTOS.o
LOAD SEGGER/OS/SEGGER_SYSVIEW_FreeRTOS.o
LOAD SEGGER/SEGGER/SEGGER_RTT.o
LOAD SEGGER/SEGGER/SEGGER_RTT_ASM_ARMv7M.o
LOAD SEGGER/SEGGER/SEGGER_SYSVIEW.o
LOAD StdPeriph_Driver/src/misc.o
LOAD StdPeriph_Driver/src/stm32f4xx_adc.o
LOAD StdPeriph_Driver/src/stm32f4xx_can.o
LOAD StdPeriph_Driver/src/stm32f4xx_cec.o
LOAD StdPeriph_Driver/src/stm32f4xx_crc.o
LOAD StdPeriph_Driver/src/stm32f4xx_cryp.o
LOAD StdPeriph_Driver/src/stm32f4xx_cryp_aes.o
LOAD StdPeriph_Driver/src/stm32f4xx_cryp_des.o
LOAD StdPeriph_Driver/src/stm32f4xx_cryp_tdes.o
LOAD StdPeriph_Driver/src/stm32f4xx_dac.o
LOAD StdPeriph_Driver/src/stm32f4xx_dbgmcu.o
LOAD StdPeriph_Driver/src/stm32f4xx_dcmi.o
LOAD StdPeriph_Driver/src/stm32f4xx_dfsdm.o
LOAD StdPeriph_Driver/src/stm32f4xx_dma.o
LOAD StdPeriph_Driver/src/stm32f4xx_dma2d.o
LOAD StdPeriph_Driver/src/stm32f4xx_dsi.o
LOAD StdPeriph_Driver/src/stm32f4xx_exti.o
LOAD StdPeriph_Driver/src/stm32f4xx_flash.o
LOAD StdPeriph_Driver/src/stm32f4xx_flash_ramfunc.o
LOAD StdPeriph_Driver/src/stm32f4xx_fmc.o
LOAD StdPeriph_Driver/src/stm32f4xx_fmip2c.o
LOAD StdPeriph_Driver/src/stm32f4xx_fsmc.o
LOAD StdPeriph_Driver/src/stm32f4xx_gpio.o
LOAD StdPeriph_Driver/src/stm32f4xx_hash.o
LOAD StdPeriph_Driver/src/stm32f4xx_hash_md5.o
LOAD StdPeriph_Driver/src/stm32f4xx_hash_sha1.o
LOAD StdPeriph_Driver/src/stm32f4xx_i2c.o
LOAD StdPeriph_Driver/src/stm32f4xx_iwdg.o
LOAD StdPeriph_Driver/src/stm32f4xx_lptim.o
LOAD StdPeriph_Driver/src/stm32f4xx_ltdc.o
LOAD StdPeriph_Driver/src/stm32f4xx_pwr.o
LOAD StdPeriph_Driver/src/stm32f4xx_qspi.o
LOAD StdPeriph_Driver/src/stm32f4xx_rcc.o
LOAD StdPeriph_Driver/src/stm32f4xx_rng.o
LOAD StdPeriph_Driver/src/stm32f4xx_rtc.o
LOAD StdPeriph_Driver/src/stm32f4xx_sai.o
LOAD StdPeriph_Driver/src/stm32f4xx_sdio.o
LOAD StdPeriph_Driver/src/stm32f4xx_spdifrx.o
LOAD StdPeriph_Driver/src/stm32f4xx_spi.o
LOAD StdPeriph_Driver/src/stm32f4xx_syscfg.o
LOAD StdPeriph_Driver/src/stm32f4xx_tim.o
LOAD StdPeriph_Driver/src/stm32f4xx_usart.o
LOAD StdPeriph_Driver/src/stm32f4xx_wwdg.o
LOAD src/main.o
LOAD src/syscalls.o
LOAD src/system_stm32f4xx.o
LOAD startup/startup_stm32.o
START GROUP
LOAD /opt/st/stm32cubeide_1.3.0_2/plugins/com.st.stm32cube.ide.mcu.externaltools.gnu-tools-for-stm32.7-2018-q2-update.linux64_1.0.0.201904181610/tools/bin/../lib/gcc/arm-none-eabi/7.3.1/../../../../arm-none-eabi/lib/thumb/v7e-m/fpv4-sp/hard/libc_nano.a
LOAD /opt/st/stm32cubeide_1.3.0_2/plugins/com.st.stm32cube.ide.mcu.externaltools.gnu-tools-for-stm32.7-2018-q2-update.linux64_1.0.0.201904181610/tools/bin/../lib/gcc/arm-none-eabi/7.3.1/../../../../arm-none-eabi/lib/thumb/v7e-m/fpv4-sp/hard/libm.a
END GROUP
START GROUP
LOAD /opt/st/stm32cubeide_1.3.0_2/plugins/com.st.stm32cube.ide.mcu.externaltools.gnu-tools-for-stm32.7-2018-q2-update.linux64_1.0.0.201904181610/tools/bin/../lib/gcc/arm-none-eabi/7.3.1/thumb/v7e-m/fpv4-sp/hard/libgcc.a
LOAD /opt/st/stm32cubeide_1.3.0_2/plugins/com.st.stm32cube.ide.mcu.externaltools.gnu-tools-for-stm32.7-2018-q2-update.linux64_1.0.0.201904181610/tools/bin/../lib/gcc/arm-none-eabi/7.3.1/../../../../arm-none-eabi/lib/thumb/v7e-m/fpv4-sp/hard/libc_nano.a
END GROUP
START GROUP
LOAD /opt/st/stm32cubeide_1.3.0_2/plugins/com.st.stm32cube.ide.mcu.externaltools.gnu-tools-for-stm32.7-2018-q2-update.linux64_1.0.0.201904181610/tools/bin/../lib/gcc/arm-none-eabi/7.3.1/thumb/v7e-m/fpv4-sp/hard/libgcc.a
LOAD /opt/st/stm32cubeide_1.3.0_2/plugins/com.st.stm32cube.ide.mcu.externaltools.gnu-tools-for-stm32.7-2018-q2-update.linux64_1.0.0.201904181610/tools/bin/../lib/gcc/arm-none-eabi/7.3.1/../../../../arm-none-eabi/lib/thumb/v7e-m/fpv4-sp/hard/libc_nano.a
LOAD /opt/st/stm32cubeide_1.3.0_2/plugins/com.st.stm32cube.ide.mcu.externaltools.gnu-tools-for-stm32.7-2018-q2-update.linux64_1.0.0.201904181610/tools/bin/../lib/gcc/arm-none-eabi/7.3.1/../../../../arm-none-eabi/lib/thumb/v7e-m/fpv4-sp/hard/libnosys.a
END GROUP
START GROUP
LOAD /opt/st/stm32cubeide_1.3.0_2/plugins/com.st.stm32cube.ide.mcu.externaltools.gnu-tools-for-stm32.7-2018-q2-update.linux64_1.0.0.201904181610/tools/bin/../lib/gcc/arm-none-eabi/7.3.1/thumb/v7e-m/fpv4-sp/hard/libgcc.a
LOAD /opt/st/stm32cubeide_1.3.0_2/plugins/com.st.stm32cube.ide.mcu.externaltools.gnu-tools-for-stm32.7-2018-q2-update.linux64_1.0.0.201904181610/tools/bin/../lib/gcc/arm-none-eabi/7.3.1/../../../../arm-none-eabi/lib/thumb/v7e-m/fpv4-sp/hard/libc_nano.a
LOAD /opt/st/stm32cubeide_1.3.0_2/plugins/com.st.stm32cube.ide.mcu.externaltools.gnu-tools-for-stm32.7-2018-q2-update.linux64_1.0.0.201904181610/tools/bin/../lib/gcc/arm-none-eabi/7.3.1/../../../../arm-none-eabi/lib/thumb/v7e-m/fpv4-sp/hard/libnosys.a
END GROUP
LOAD /opt/st/stm32cubeide_1.3.0_2/plugins/com.st.stm32cube.ide.mcu.externaltools.gnu-tools-for-stm32.7-2018-q2-update.linux64_1.0.0.201904181610/tools/bin/../lib/gcc/arm-none-eabi/7.3.1/thumb/v7e-m/fpv4-sp/hard/crtend.o
LOAD /opt/st/stm32cubeide_1.3.0_2/plugins/com.st.stm32cube.ide.mcu.externaltools.gnu-tools-for-stm32.7-2018-q2-update.linux64_1.0.0.201904181610/tools/bin/../lib/gcc/arm-none-eabi/7.3.1/thumb/v7e-m/fpv4-sp/hard/crtn.o
                0x0000000020020000                _estack = (ORIGIN (RAM) + LENGTH (RAM))
                0x0000000000000200                _Min_Heap_Size = 0x200
                0x0000000000000400                _Min_Stack_Size = 0x400

.isr_vector     0x0000000008000000      0x1c4
                0x0000000008000000                . = ALIGN (0x4)
 *(.isr_vector)
 .isr_vector    0x0000000008000000      0x1c4 startup/startup_stm32.o
                0x0000000008000000                g_pfnVectors
                0x00000000080001c4                . = ALIGN (0x4)

.text           0x00000000080001d0     0x69ec
                0x00000000080001d0                . = ALIGN (0x4)
 *(.text)
 .text          0x00000000080001d0       0x40 /opt/st/stm32cubeide_1.3.0_2/plugins/com.st.stm32cube.ide.mcu.externaltools.gnu-tools-for-stm32.7-2018-q2-update.linux64_1.0.0.201904181610/tools/bin/../lib/gcc/arm-none-eabi/7.3.1/thumb/v7e-m/fpv4-sp/hard/crtbegin.o
 .text          0x0000000008000210       0x94 SEGGER/SEGGER/SEGGER_RTT_ASM_ARMv7M.o
                0x0000000008000210                SEGGER_RTT_ASM_WriteSkipNoLock
 .text          0x00000000080002a4       0x10 /opt/st/stm32cubeide_1.3.0_2/plugins/com.st.stm32cube.ide.mcu.externaltools.gnu-tools-for-stm32.7-2018-q2-update.linux64_1.0.0.201904181610/tools/bin/../lib/gcc/arm-none-eabi/7.3.1/../../../../arm-none-eabi/lib/thumb/v7e-m/fpv4-sp/hard/libc_nano.a(lib_a-strlen.o)
                0x00000000080002a4                strlen
 *fill*         0x00000000080002b4        0xc 
 .text          0x00000000080002c0       0xa0 /opt/st/stm32cubeide_1.3.0_2/plugins/com.st.stm32cube.ide.mcu.externaltools.gnu-tools-for-stm32.7-2018-q2-update.linux64_1.0.0.201904181610/tools/bin/../lib/gcc/arm-none-eabi/7.3.1/../../../../arm-none-eabi/lib/thumb/v7e-m/fpv4-sp/hard/libc_nano.a(lib_a-memchr.o)
                0x00000000080002c0                memchr
 *(.text*)
 .text.vListInitialise
                0x0000000008000360       0x40 FreeRTOS/org/Source/list.o
                0x0000000008000360                vListInitialise
 .text.vListInitialiseItem
                0x00000000080003a0       0x1a FreeRTOS/org/Source/list.o
                0x00000000080003a0                vListInitialiseItem
 .text.vListInsertEnd
                0x00000000080003ba       0x48 FreeRTOS/org/Source/list.o
                0x00000000080003ba                vListInsertEnd
 .text.vListInsert
                0x0000000008000402       0x72 FreeRTOS/org/Source/list.o
                0x0000000008000402                vListInsert
 .text.uxListRemove
                0x0000000008000474       0x54 FreeRTOS/org/Source/list.o
                0x0000000008000474                uxListRemove
 .text.xQueueGenericReset
                0x00000000080004c8       0xd0 FreeRTOS/org/Source/queue.o
                0x00000000080004c8                xQueueGenericReset
 .text.xQueueGenericCreate
                0x0000000008000598       0xb8 FreeRTOS/org/Source/queue.o
                0x0000000008000598                xQueueGenericCreate
 .text.prvInitialiseNewQueue
                0x0000000008000650       0x52 FreeRTOS/org/Source/queue.o
 *fill*         0x00000000080006a2        0x2 
 .text.xQueueGenericSend
                0x00000000080006a4      0x244 FreeRTOS/org/Source/queue.o
                0x00000000080006a4                xQueueGenericSend
 .text.xQueueGenericSendFromISR
                0x00000000080008e8      0x172 FreeRTOS/org/Source/queue.o
                0x00000000080008e8                xQueueGenericSendFromISR
 *fill*         0x0000000008000a5a        0x2 
 .text.xQueueReceive
                0x0000000008000a5c      0x228 FreeRTOS/org/Source/queue.o
                0x0000000008000a5c                xQueueReceive
 .text.prvCopyDataToQueue
                0x0000000008000c84       0xd4 FreeRTOS/org/Source/queue.o
 .text.prvCopyDataFromQueue
                0x0000000008000d58       0x4c FreeRTOS/org/Source/queue.o
 .text.prvUnlockQueue
                0x0000000008000da4       0xa4 FreeRTOS/org/Source/queue.o
 .text.prvIsQueueEmpty
                0x0000000008000e48       0x2c FreeRTOS/org/Source/queue.o
 .text.prvIsQueueFull
                0x0000000008000e74       0x30 FreeRTOS/org/Source/queue.o
 .text.vQueueAddToRegistry
                0x0000000008000ea4       0x60 FreeRTOS/org/Source/queue.o
                0x0000000008000ea4                vQueueAddToRegistry
 .text.vQueueWaitForMessageRestricted
                0x0000000008000f04       0x68 FreeRTOS/org/Source/queue.o
                0x0000000008000f04                vQueueWaitForMessageRestricted
 .text.xTaskCreate
                0x0000000008000f6c       0x82 FreeRTOS/org/Source/tasks.o
                0x0000000008000f6c                xTaskCreate
 .text.prvInitialiseNewTask
                0x0000000008000fee      0x12a FreeRTOS/org/Source/tasks.o
 .text.prvAddNewTaskToReadyList
                0x0000000008001118      0x118 FreeRTOS/org/Source/tasks.o
 .text.vTaskDelete
                0x0000000008001230      0x150 FreeRTOS/org/Source/tasks.o
                0x0000000008001230                vTaskDelete
 .text.vTaskStartScheduler
                0x0000000008001380       0xc0 FreeRTOS/org/Source/tasks.o
                0x0000000008001380                vTaskStartScheduler
 .text.vTaskSuspendAll
                0x0000000008001440       0x1c FreeRTOS/org/Source/tasks.o
                0x0000000008001440                vTaskSuspendAll
 .text.xTaskResumeAll
                0x000000000800145c      0x140 FreeRTOS/org/Source/tasks.o
                0x000000000800145c                xTaskResumeAll
 .text.xTaskGetTickCount
                0x000000000800159c       0x20 FreeRTOS/org/Source/tasks.o
                0x000000000800159c                xTaskGetTickCount
 .text.xTaskGetTickCountFromISR
                0x00000000080015bc       0x24 FreeRTOS/org/Source/tasks.o
                0x00000000080015bc                xTaskGetTickCountFromISR
 .text.xTaskIncrementTick
                0x00000000080015e0      0x178 FreeRTOS/org/Source/tasks.o
                0x00000000080015e0                xTaskIncrementTick
 .text.vTaskSwitchContext
                0x0000000008001758       0xd0 FreeRTOS/org/Source/tasks.o
                0x0000000008001758                vTaskSwitchContext
 .text.vTaskPlaceOnEventList
                0x0000000008001828       0x48 FreeRTOS/org/Source/tasks.o
                0x0000000008001828                vTaskPlaceOnEventList
 .text.vTaskPlaceOnEventListRestricted
                0x0000000008001870       0x5c FreeRTOS/org/Source/tasks.o
                0x0000000008001870                vTaskPlaceOnEventListRestricted
 .text.xTaskRemoveFromEventList
                0x00000000080018cc       0xcc FreeRTOS/org/Source/tasks.o
                0x00000000080018cc                xTaskRemoveFromEventList
 .text.vTaskInternalSetTimeOutState
                0x0000000008001998       0x2c FreeRTOS/org/Source/tasks.o
                0x0000000008001998                vTaskInternalSetTimeOutState
 .text.xTaskCheckForTimeOut
                0x00000000080019c4       0xc8 FreeRTOS/org/Source/tasks.o
                0x00000000080019c4                xTaskCheckForTimeOut
 .text.vTaskMissedYield
                0x0000000008001a8c       0x18 FreeRTOS/org/Source/tasks.o
                0x0000000008001a8c                vTaskMissedYield
 .text.prvIdleTask
                0x0000000008001aa4       0x34 FreeRTOS/org/Source/tasks.o
 .text.prvInitialiseTaskLists
                0x0000000008001ad8       0x80 FreeRTOS/org/Source/tasks.o
 .text.prvCheckTasksWaitingTermination
                0x0000000008001b58       0x58 FreeRTOS/org/Source/tasks.o
 .text.prvDeleteTCB
                0x0000000008001bb0       0x20 FreeRTOS/org/Source/tasks.o
 .text.prvResetNextTaskUnblockTime
                0x0000000008001bd0       0x38 FreeRTOS/org/Source/tasks.o
 .text.xTaskGetSchedulerState
                0x0000000008001c08       0x3c FreeRTOS/org/Source/tasks.o
                0x0000000008001c08                xTaskGetSchedulerState
 .text.xTaskPriorityDisinherit
                0x0000000008001c44       0xfc FreeRTOS/org/Source/tasks.o
                0x0000000008001c44                xTaskPriorityDisinherit
 .text.xTaskGenericNotifyWait
                0x0000000008001d40      0x110 FreeRTOS/org/Source/tasks.o
                0x0000000008001d40                xTaskGenericNotifyWait
 .text.xTaskGenericNotify
                0x0000000008001e50      0x1dc FreeRTOS/org/Source/tasks.o
                0x0000000008001e50                xTaskGenericNotify
 .text.xTaskGenericNotifyFromISR
                0x000000000800202c      0x220 FreeRTOS/org/Source/tasks.o
                0x000000000800202c                xTaskGenericNotifyFromISR
 .text.prvAddCurrentTaskToDelayedList
                0x000000000800224c       0xf0 FreeRTOS/org/Source/tasks.o
 .text.xTimerCreateTimerTask
                0x000000000800233c       0x64 FreeRTOS/org/Source/timers.o
                0x000000000800233c                xTimerCreateTimerTask
 .text.xTimerCreate
                0x00000000080023a0       0x42 FreeRTOS/org/Source/timers.o
                0x00000000080023a0                xTimerCreate
 .text.prvInitialiseNewTimer
                0x00000000080023e2       0x74 FreeRTOS/org/Source/timers.o
 *fill*         0x0000000008002456        0x2 
 .text.xTimerGenericCommand
                0x0000000008002458       0x98 FreeRTOS/org/Source/timers.o
                0x0000000008002458                xTimerGenericCommand
 .text.prvProcessExpiredTimer
                0x00000000080024f0       0x98 FreeRTOS/org/Source/timers.o
 .text.prvTimerTask
                0x0000000008002588       0x24 FreeRTOS/org/Source/timers.o
 .text.prvProcessTimerOrBlockTask
                0x00000000080025ac       0x9c FreeRTOS/org/Source/timers.o
 .text.prvGetNextExpireTime
                0x0000000008002648       0x48 FreeRTOS/org/Source/timers.o
 .text.prvSampleTimeNow
                0x0000000008002690       0x40 FreeRTOS/org/Source/timers.o
 .text.prvInsertTimerInActiveList
                0x00000000080026d0       0x84 FreeRTOS/org/Source/timers.o
 .text.prvProcessReceivedCommands
                0x0000000008002754      0x188 FreeRTOS/org/Source/timers.o
 .text.prvSwitchTimerLists
                0x00000000080028dc       0xc8 FreeRTOS/org/Source/timers.o
 .text.prvCheckForValidListAndQueue
                0x00000000080029a4       0x6c FreeRTOS/org/Source/timers.o
 .text.pxPortInitialiseStack
                0x0000000008002a10       0x68 FreeRTOS/org/Source/portable/GCC/ARM_CM4F/port.o
                0x0000000008002a10                pxPortInitialiseStack
 .text.prvTaskExitError
                0x0000000008002a78       0x54 FreeRTOS/org/Source/portable/GCC/ARM_CM4F/port.o
 *fill*         0x0000000008002acc        0x4 
 .text.SVC_Handler
                0x0000000008002ad0       0x28 FreeRTOS/org/Source/portable/GCC/ARM_CM4F/port.o
                0x0000000008002ad0                SVC_Handler
 .text.prvPortStartFirstTask
                0x0000000008002af8       0x2c FreeRTOS/org/Source/portable/GCC/ARM_CM4F/port.o
 .text.xPortStartScheduler
                0x0000000008002b24      0x13c FreeRTOS/org/Source/portable/GCC/ARM_CM4F/port.o
                0x0000000008002b24                xPortStartScheduler
 .text.vPortEnterCritical
                0x0000000008002c60       0x5c FreeRTOS/org/Source/portable/GCC/ARM_CM4F/port.o
                0x0000000008002c60                vPortEnterCritical
 .text.vPortExitCritical
                0x0000000008002cbc       0x50 FreeRTOS/org/Source/portable/GCC/ARM_CM4F/port.o
                0x0000000008002cbc                vPortExitCritical
 *fill*         0x0000000008002d0c        0x4 
 .text.PendSV_Handler
                0x0000000008002d10       0x68 FreeRTOS/org/Source/portable/GCC/ARM_CM4F/port.o
                0x0000000008002d10                PendSV_Handler
 .text.SysTick_Handler
                0x0000000008002d78       0x50 FreeRTOS/org/Source/portable/GCC/ARM_CM4F/port.o
                0x0000000008002d78                SysTick_Handler
 .text.vPortSetupTimerInterrupt
                0x0000000008002dc8       0x48 FreeRTOS/org/Source/portable/GCC/ARM_CM4F/port.o
                0x0000000008002dc8                vPortSetupTimerInterrupt
 .text.vPortEnableVFP
                0x0000000008002e10       0x18 FreeRTOS/org/Source/portable/GCC/ARM_CM4F/port.o
 .text.vPortValidateInterruptPriority
                0x0000000008002e28       0x7c FreeRTOS/org/Source/portable/GCC/ARM_CM4F/port.o
                0x0000000008002e28                vPortValidateInterruptPriority
 .text.pvPortMalloc
                0x0000000008002ea4      0x1b8 FreeRTOS/org/Source/portable/MemMang/heap_4.o
                0x0000000008002ea4                pvPortMalloc
 .text.vPortFree
                0x000000000800305c       0xc0 FreeRTOS/org/Source/portable/MemMang/heap_4.o
                0x000000000800305c                vPortFree
 .text.prvHeapInit
                0x000000000800311c       0xc4 FreeRTOS/org/Source/portable/MemMang/heap_4.o
 .text.prvInsertBlockIntoFreeList
                0x00000000080031e0       0xb4 FreeRTOS/org/Source/portable/MemMang/heap_4.o
 .text._cbSendSystemDesc
                0x0000000008003294       0x1c SEGGER/Config/SEGGER_SYSVIEW_Config_FreeRTOS.o
 .text.SEGGER_SYSVIEW_Conf
                0x00000000080032b0       0x2c SEGGER/Config/SEGGER_SYSVIEW_Config_FreeRTOS.o
                0x00000000080032b0                SEGGER_SYSVIEW_Conf
 .text._cbSendTaskList
                0x00000000080032dc       0x90 SEGGER/OS/SEGGER_SYSVIEW_FreeRTOS.o
 .text._cbGetTime
                0x000000000800336c       0x76 SEGGER/OS/SEGGER_SYSVIEW_FreeRTOS.o
 *fill*         0x00000000080033e2        0x2 
 .text.SYSVIEW_AddTask
                0x00000000080033e4       0xd0 SEGGER/OS/SEGGER_SYSVIEW_FreeRTOS.o
                0x00000000080033e4                SYSVIEW_AddTask
 .text.SYSVIEW_DeleteTask
                0x00000000080034b4      0x178 SEGGER/OS/SEGGER_SYSVIEW_FreeRTOS.o
                0x00000000080034b4                SYSVIEW_DeleteTask
 .text.SYSVIEW_SendTaskInfo
                0x000000000800362c       0x42 SEGGER/OS/SEGGER_SYSVIEW_FreeRTOS.o
                0x000000000800362c                SYSVIEW_SendTaskInfo
 *fill*         0x000000000800366e        0x2 
 .text._DoInit  0x0000000008003670       0xb0 SEGGER/SEGGER/SEGGER_RTT.o
 .text.SEGGER_RTT_ReadNoLock
                0x0000000008003720      0x10c SEGGER/SEGGER/SEGGER_RTT.o
                0x0000000008003720                SEGGER_RTT_ReadNoLock
 .text.SEGGER_RTT_AllocUpBuffer
                0x000000000800382c      0x108 SEGGER/SEGGER/SEGGER_RTT.o
                0x000000000800382c                SEGGER_RTT_AllocUpBuffer
 .text.SEGGER_RTT_ConfigDownBuffer
                0x0000000008003934       0xe0 SEGGER/SEGGER/SEGGER_RTT.o
                0x0000000008003934                SEGGER_RTT_ConfigDownBuffer
 .text._EncodeStr
                0x0000000008003a14       0x9a SEGGER/SEGGER/SEGGER_SYSVIEW.o
 .text._PreparePacket
                0x0000000008003aae       0x18 SEGGER/SEGGER/SEGGER_SYSVIEW.o
 *fill*         0x0000000008003ac6        0x2 
 .text._HandleIncomingPacket
                0x0000000008003ac8       0xd8 SEGGER/SEGGER/SEGGER_SYSVIEW.o
 .text._TrySendOverflowPacket
                0x0000000008003ba0       0xe4 SEGGER/SEGGER/SEGGER_SYSVIEW.o
 .text._SendPacket
                0x0000000008003c84      0x1cc SEGGER/SEGGER/SEGGER_SYSVIEW.o
 .text.SEGGER_SYSVIEW_Init
                0x0000000008003e50       0x88 SEGGER/SEGGER/SEGGER_SYSVIEW.o
                0x0000000008003e50                SEGGER_SYSVIEW_Init
 .text.SEGGER_SYSVIEW_SetRAMBase
                0x0000000008003ed8       0x20 SEGGER/SEGGER/SEGGER_SYSVIEW.o
                0x0000000008003ed8                SEGGER_SYSVIEW_SetRAMBase
 .text.SEGGER_SYSVIEW_RecordVoid
                0x0000000008003ef8       0x3c SEGGER/SEGGER/SEGGER_SYSVIEW.o
                0x0000000008003ef8                SEGGER_SYSVIEW_RecordVoid
 .text.SEGGER_SYSVIEW_RecordU32
                0x0000000008003f34       0x78 SEGGER/SEGGER/SEGGER_SYSVIEW.o
                0x0000000008003f34                SEGGER_SYSVIEW_RecordU32
 .text.SEGGER_SYSVIEW_RecordU32x2
                0x0000000008003fac       0xb4 SEGGER/SEGGER/SEGGER_SYSVIEW.o
                0x0000000008003fac                SEGGER_SYSVIEW_RecordU32x2
 .text.SEGGER_SYSVIEW_RecordU32x3
                0x0000000008004060       0xec SEGGER/SEGGER/SEGGER_SYSVIEW.o
                0x0000000008004060                SEGGER_SYSVIEW_RecordU32x3
 .text.SEGGER_SYSVIEW_RecordU32x4
                0x000000000800414c      0x124 SEGGER/SEGGER/SEGGER_SYSVIEW.o
                0x000000000800414c                SEGGER_SYSVIEW_RecordU32x4
 .text.SEGGER_SYSVIEW_RecordU32x5
                0x0000000008004270      0x15c SEGGER/SEGGER/SEGGER_SYSVIEW.o
                0x0000000008004270                SEGGER_SYSVIEW_RecordU32x5
 .text.SEGGER_SYSVIEW_Start
                0x00000000080043cc      0x174 SEGGER/SEGGER/SEGGER_SYSVIEW.o
                0x00000000080043cc                SEGGER_SYSVIEW_Start
 .text.SEGGER_SYSVIEW_Stop
                0x0000000008004540       0x4c SEGGER/SEGGER/SEGGER_SYSVIEW.o
                0x0000000008004540                SEGGER_SYSVIEW_Stop
 .text.SEGGER_SYSVIEW_GetSysDesc
                0x000000000800458c      0x134 SEGGER/SEGGER/SEGGER_SYSVIEW.o
                0x000000000800458c                SEGGER_SYSVIEW_GetSysDesc
 .text.SEGGER_SYSVIEW_SendTaskInfo
                0x00000000080046c0      0x1c8 SEGGER/SEGGER/SEGGER_SYSVIEW.o
                0x00000000080046c0                SEGGER_SYSVIEW_SendTaskInfo
 .text.SEGGER_SYSVIEW_SendTaskList
                0x0000000008004888       0x28 SEGGER/SEGGER/SEGGER_SYSVIEW.o
                0x0000000008004888                SEGGER_SYSVIEW_SendTaskList
 .text.SEGGER_SYSVIEW_SendSysDesc
                0x00000000080048b0       0x48 SEGGER/SEGGER/SEGGER_SYSVIEW.o
                0x00000000080048b0                SEGGER_SYSVIEW_SendSysDesc
 .text.SEGGER_SYSVIEW_RecordSystime
                0x00000000080048f8       0x60 SEGGER/SEGGER/SEGGER_SYSVIEW.o
                0x00000000080048f8                SEGGER_SYSVIEW_RecordSystime
 .text.SEGGER_SYSVIEW_RecordEnterISR
                0x0000000008004958       0x84 SEGGER/SEGGER/SEGGER_SYSVIEW.o
                0x0000000008004958                SEGGER_SYSVIEW_RecordEnterISR
 .text.SEGGER_SYSVIEW_RecordExitISR
                0x00000000080049dc       0x38 SEGGER/SEGGER/SEGGER_SYSVIEW.o
                0x00000000080049dc                SEGGER_SYSVIEW_RecordExitISR
 .text.SEGGER_SYSVIEW_RecordExitISRToScheduler
                0x0000000008004a14       0x38 SEGGER/SEGGER/SEGGER_SYSVIEW.o
                0x0000000008004a14                SEGGER_SYSVIEW_RecordExitISRToScheduler
 .text.SEGGER_SYSVIEW_OnIdle
                0x0000000008004a4c       0x38 SEGGER/SEGGER/SEGGER_SYSVIEW.o
                0x0000000008004a4c                SEGGER_SYSVIEW_OnIdle
 .text.SEGGER_SYSVIEW_OnTaskCreate
                0x0000000008004a84       0x84 SEGGER/SEGGER/SEGGER_SYSVIEW.o
                0x0000000008004a84                SEGGER_SYSVIEW_OnTaskCreate
 .text.SEGGER_SYSVIEW_OnTaskStartExec
                0x0000000008004b08       0x84 SEGGER/SEGGER/SEGGER_SYSVIEW.o
                0x0000000008004b08                SEGGER_SYSVIEW_OnTaskStartExec
 .text.SEGGER_SYSVIEW_OnTaskStartReady
                0x0000000008004b8c       0x84 SEGGER/SEGGER/SEGGER_SYSVIEW.o
                0x0000000008004b8c                SEGGER_SYSVIEW_OnTaskStartReady
 .text.SEGGER_SYSVIEW_OnTaskStopReady
                0x0000000008004c10       0xc0 SEGGER/SEGGER/SEGGER_SYSVIEW.o
                0x0000000008004c10                SEGGER_SYSVIEW_OnTaskStopReady
 .text.SEGGER_SYSVIEW_ShrinkId
                0x0000000008004cd0       0x20 SEGGER/SEGGER/SEGGER_SYSVIEW.o
                0x0000000008004cd0                SEGGER_SYSVIEW_ShrinkId
 .text.SEGGER_SYSVIEW_SendModule
                0x0000000008004cf0      0x100 SEGGER/SEGGER/SEGGER_SYSVIEW.o
                0x0000000008004cf0                SEGGER_SYSVIEW_SendModule
 .text.SEGGER_SYSVIEW_SendModuleDescription
                0x0000000008004df0       0x3c SEGGER/SEGGER/SEGGER_SYSVIEW.o
                0x0000000008004df0                SEGGER_SYSVIEW_SendModuleDescription
 .text.SEGGER_SYSVIEW_SendNumModules
                0x0000000008004e2c       0x7c SEGGER/SEGGER/SEGGER_SYSVIEW.o
                0x0000000008004e2c                SEGGER_SYSVIEW_SendNumModules
 .text.SEGGER_SYSVIEW_Warn
                0x0000000008004ea8       0xb8 SEGGER/SEGGER/SEGGER_SYSVIEW.o
                0x0000000008004ea8                SEGGER_SYSVIEW_Warn
 .text.GPIO_Init
                0x0000000008004f60      0x11c StdPeriph_Driver/src/stm32f4xx_gpio.o
                0x0000000008004f60                GPIO_Init
 .text.GPIO_ReadOutputDataBit
                0x000000000800507c       0x34 StdPeriph_Driver/src/stm32f4xx_gpio.o
                0x000000000800507c                GPIO_ReadOutputDataBit
 .text.GPIO_SetBits
                0x00000000080050b0       0x1e StdPeriph_Driver/src/stm32f4xx_gpio.o
                0x00000000080050b0                GPIO_SetBits
 .text.GPIO_ResetBits
                0x00000000080050ce       0x1e StdPeriph_Driver/src/stm32f4xx_gpio.o
                0x00000000080050ce                GPIO_ResetBits
 .text.GPIO_ToggleBits
                0x00000000080050ec       0x24 StdPeriph_Driver/src/stm32f4xx_gpio.o
                0x00000000080050ec                GPIO_ToggleBits
 .text.GPIO_PinAFConfig
                0x0000000008005110       0x92 StdPeriph_Driver/src/stm32f4xx_gpio.o
                0x0000000008005110                GPIO_PinAFConfig
 *fill*         0x00000000080051a2        0x2 
 .text.RCC_DeInit
                0x00000000080051a4       0x70 StdPeriph_Driver/src/stm32f4xx_rcc.o
                0x00000000080051a4                RCC_DeInit
 .text.RCC_SYSCLKConfig
                0x0000000008005214       0x38 StdPeriph_Driver/src/stm32f4xx_rcc.o
                0x0000000008005214                RCC_SYSCLKConfig
 .text.RCC_GetClocksFreq
                0x000000000800524c      0x150 StdPeriph_Driver/src/stm32f4xx_rcc.o
                0x000000000800524c                RCC_GetClocksFreq
 .text.RCC_AHB1PeriphClockCmd
                0x000000000800539c       0x40 StdPeriph_Driver/src/stm32f4xx_rcc.o
                0x000000000800539c                RCC_AHB1PeriphClockCmd
 .text.RCC_APB1PeriphClockCmd
                0x00000000080053dc       0x40 StdPeriph_Driver/src/stm32f4xx_rcc.o
                0x00000000080053dc                RCC_APB1PeriphClockCmd
 .text.RTC_GetTime
                0x000000000800541c       0xa4 StdPeriph_Driver/src/stm32f4xx_rtc.o
                0x000000000800541c                RTC_GetTime
 .text.RTC_GetDate
                0x00000000080054c0       0x9c StdPeriph_Driver/src/stm32f4xx_rtc.o
                0x00000000080054c0                RTC_GetDate
 .text.RTC_Bcd2ToByte
                0x000000000800555c       0x38 StdPeriph_Driver/src/stm32f4xx_rtc.o
 .text.USART_Init
                0x0000000008005594      0x174 StdPeriph_Driver/src/stm32f4xx_usart.o
                0x0000000008005594                USART_Init
 .text.USART_Cmd
                0x0000000008005708       0x40 StdPeriph_Driver/src/stm32f4xx_usart.o
                0x0000000008005708                USART_Cmd
 .text.USART_SendData
                0x0000000008005748       0x24 StdPeriph_Driver/src/stm32f4xx_usart.o
                0x0000000008005748                USART_SendData
 .text.USART_ReceiveData
                0x000000000800576c       0x20 StdPeriph_Driver/src/stm32f4xx_usart.o
                0x000000000800576c                USART_ReceiveData
 .text.USART_ITConfig
                0x000000000800578c       0x90 StdPeriph_Driver/src/stm32f4xx_usart.o
                0x000000000800578c                USART_ITConfig
 .text.USART_GetFlagStatus
                0x000000000800581c       0x38 StdPeriph_Driver/src/stm32f4xx_usart.o
                0x000000000800581c                USART_GetFlagStatus
 .text.NVIC_EnableIRQ
                0x0000000008005854       0x34 src/main.o
 .text.NVIC_DisableIRQ
                0x0000000008005888       0x34 src/main.o
 .text.NVIC_SetPriority
                0x00000000080058bc       0x54 src/main.o
 .text.main     0x0000000008005910      0x100 src/main.o
                0x0000000008005910                main
 .text.menu_display_task
                0x0000000008005a10       0x3c src/main.o
                0x0000000008005a10                menu_display_task
 .text.cmd_handling_task
                0x0000000008005a4c       0x68 src/main.o
                0x0000000008005a4c                cmd_handling_task
 .text.cmd_processing_task
                0x0000000008005ab4       0xb4 src/main.o
                0x0000000008005ab4                cmd_processing_task
 .text.uart_write_task
                0x0000000008005b68       0x2c src/main.o
                0x0000000008005b68                uart_write_task
 .text.Init_GPIO_LED
                0x0000000008005b94       0x68 src/main.o
                0x0000000008005b94                Init_GPIO_LED
 .text.Init_UART
                0x0000000008005bfc       0xc8 src/main.o
                0x0000000008005bfc                Init_UART
 .text.printmsg
                0x0000000008005cc4       0x50 src/main.o
                0x0000000008005cc4                printmsg
 .text.UART4_IRQHandler
                0x0000000008005d14       0xb4 src/main.o
                0x0000000008005d14                UART4_IRQHandler
 .text.getCommandCode
                0x0000000008005dc8       0x1c src/main.o
                0x0000000008005dc8                getCommandCode
 .text.getArguments
                0x0000000008005de4       0x14 src/main.o
                0x0000000008005de4                getArguments
 .text.make_led_on
                0x0000000008005df8       0x18 src/main.o
                0x0000000008005df8                make_led_on
 .text.make_led_off
                0x0000000008005e10       0x18 src/main.o
                0x0000000008005e10                make_led_off
 .text.led_toggle
                0x0000000008005e28       0x20 src/main.o
                0x0000000008005e28                led_toggle
 .text.make_led_toggle_start
                0x0000000008005e48       0x54 src/main.o
                0x0000000008005e48                make_led_toggle_start
 .text.make_led_toggle_stop
                0x0000000008005e9c       0x2c src/main.o
                0x0000000008005e9c                make_led_toggle_stop
 .text.make_led_status_read
                0x0000000008005ec8       0x44 src/main.o
                0x0000000008005ec8                make_led_status_read
 .text.make_rtc_datetime_read
                0x0000000008005f0c       0x64 src/main.o
                0x0000000008005f0c                make_rtc_datetime_read
 .text.make_exit_app
                0x0000000008005f70       0x48 src/main.o
                0x0000000008005f70                make_exit_app
 .text.print_errormsg
                0x0000000008005fb8       0x44 src/main.o
                0x0000000008005fb8                print_errormsg
 .text.vApplicationIdleHook
                0x0000000008005ffc       0x10 src/main.o
                0x0000000008005ffc                vApplicationIdleHook
 .text._sbrk    0x000000000800600c       0x58 src/syscalls.o
                0x000000000800600c                _sbrk
 .text.SystemInit
                0x0000000008006064       0x6c src/system_stm32f4xx.o
                0x0000000008006064                SystemInit
 .text.SystemCoreClockUpdate
                0x00000000080060d0       0xf8 src/system_stm32f4xx.o
                0x00000000080060d0                SystemCoreClockUpdate
 .text.SetSysClock
                0x00000000080061c8       0xf8 src/system_stm32f4xx.o
 .text.Reset_Handler
                0x00000000080062c0       0x50 startup/startup_stm32.o
                0x00000000080062c0                Reset_Handler
 .text.Default_Handler
                0x0000000008006310        0x2 startup/startup_stm32.o
                0x0000000008006310                RTC_Alarm_IRQHandler
                0x0000000008006310                EXTI2_IRQHandler
                0x0000000008006310                TIM8_CC_IRQHandler
                0x0000000008006310                SPDIF_Rx_IRQHandler
                0x0000000008006310                DebugMon_Handler
                0x0000000008006310                SPI4_IRQHandler
                0x0000000008006310                TIM1_CC_IRQHandler
                0x0000000008006310                QuadSPI_IRQHandler
                0x0000000008006310                DMA2_Stream5_IRQHandler
                0x0000000008006310                HardFault_Handler
                0x0000000008006310                DMA1_Stream5_IRQHandler
                0x0000000008006310                PVD_IRQHandler
                0x0000000008006310                SDIO_IRQHandler
                0x0000000008006310                TAMP_STAMP_IRQHandler
                0x0000000008006310                NMI_Handler
                0x0000000008006310                CAN2_RX1_IRQHandler
                0x0000000008006310                EXTI3_IRQHandler
                0x0000000008006310                TIM8_TRG_COM_TIM14_IRQHandler
                0x0000000008006310                TIM1_UP_TIM10_IRQHandler
                0x0000000008006310                FMPI2C1_error_IRQHandler
                0x0000000008006310                TIM8_UP_TIM13_IRQHandler
                0x0000000008006310                I2C3_ER_IRQHandler
                0x0000000008006310                EXTI0_IRQHandler
                0x0000000008006310                I2C2_EV_IRQHandler
                0x0000000008006310                DMA1_Stream2_IRQHandler
                0x0000000008006310                CAN1_RX0_IRQHandler
                0x0000000008006310                FPU_IRQHandler
                0x0000000008006310                OTG_HS_WKUP_IRQHandler
                0x0000000008006310                UsageFault_Handler
                0x0000000008006310                CAN2_SCE_IRQHandler
                0x0000000008006310                DMA2_Stream2_IRQHandler
                0x0000000008006310                SPI1_IRQHandler
                0x0000000008006310                TIM6_DAC_IRQHandler
                0x0000000008006310                TIM1_BRK_TIM9_IRQHandler
                0x0000000008006310                DCMI_IRQHandler
                0x0000000008006310                CAN2_RX0_IRQHandler
                0x0000000008006310                DMA2_Stream3_IRQHandler
                0x0000000008006310                FMPI2C1_IRQHandler
                0x0000000008006310                SAI2_IRQHandler
                0x0000000008006310                USART6_IRQHandler
                0x0000000008006310                USART3_IRQHandler
                0x0000000008006310                CAN1_RX1_IRQHandler
                0x0000000008006310                UART5_IRQHandler
                0x0000000008006310                DMA2_Stream0_IRQHandler
                0x0000000008006310                TIM4_IRQHandler
                0x0000000008006310                I2C1_EV_IRQHandler
                0x0000000008006310                HDMI_CEC_IRQHandler
                0x0000000008006310                DMA1_Stream6_IRQHandler
                0x0000000008006310                DMA1_Stream1_IRQHandler
                0x0000000008006310                TIM3_IRQHandler
                0x0000000008006310                RCC_IRQHandler
                0x0000000008006310                TIM8_BRK_TIM12_IRQHandler
                0x0000000008006310                Default_Handler
                0x0000000008006310                EXTI15_10_IRQHandler
                0x0000000008006310                ADC_IRQHandler
                0x0000000008006310                DMA1_Stream7_IRQHandler
                0x0000000008006310                TIM7_IRQHandler
                0x0000000008006310                CAN2_TX_IRQHandler
                0x0000000008006310                TIM5_IRQHandler
                0x0000000008006310                DMA2_Stream7_IRQHandler
                0x0000000008006310                I2C3_EV_IRQHandler
                0x0000000008006310                EXTI9_5_IRQHandler
                0x0000000008006310                RTC_WKUP_IRQHandler
                0x0000000008006310                SPI2_IRQHandler
                0x0000000008006310                OTG_HS_EP1_IN_IRQHandler
                0x0000000008006310                MemManage_Handler
                0x0000000008006310                DMA1_Stream0_IRQHandler
                0x0000000008006310                CAN1_TX_IRQHandler
                0x0000000008006310                EXTI4_IRQHandler
                0x0000000008006310                OTG_HS_EP1_OUT_IRQHandler
                0x0000000008006310                WWDG_IRQHandler
                0x0000000008006310                TIM2_IRQHandler
                0x0000000008006310                OTG_FS_WKUP_IRQHandler
                0x0000000008006310                TIM1_TRG_COM_TIM11_IRQHandler
                0x0000000008006310                OTG_HS_IRQHandler
                0x0000000008006310                EXTI1_IRQHandler
                0x0000000008006310                USART2_IRQHandler
                0x0000000008006310                I2C2_ER_IRQHandler
                0x0000000008006310                DMA2_Stream1_IRQHandler
                0x0000000008006310                CAN1_SCE_IRQHandler
                0x0000000008006310                FLASH_IRQHandler
                0x0000000008006310                DMA2_Stream4_IRQHandler
                0x0000000008006310                BusFault_Handler
                0x0000000008006310                USART1_IRQHandler
                0x0000000008006310                OTG_FS_IRQHandler
                0x0000000008006310                SPI3_IRQHandler
                0x0000000008006310                DMA1_Stream4_IRQHandler
                0x0000000008006310                I2C1_ER_IRQHandler
                0x0000000008006310                FMC_IRQHandler
                0x0000000008006310                DMA2_Stream6_IRQHandler
                0x0000000008006310                SAI1_IRQHandler
                0x0000000008006310                DMA1_Stream3_IRQHandler
 *fill*         0x0000000008006312        0x2 
 .text.__errno  0x0000000008006314        0xc /opt/st/stm32cubeide_1.3.0_2/plugins/com.st.stm32cube.ide.mcu.externaltools.gnu-tools-for-stm32.7-2018-q2-update.linux64_1.0.0.201904181610/tools/bin/../lib/gcc/arm-none-eabi/7.3.1/../../../../arm-none-eabi/lib/thumb/v7e-m/fpv4-sp/hard/libc_nano.a(lib_a-errno.o)
                0x0000000008006314                __errno
 .text.__libc_init_array
                0x0000000008006320       0x48 /opt/st/stm32cubeide_1.3.0_2/plugins/com.st.stm32cube.ide.mcu.externaltools.gnu-tools-for-stm32.7-2018-q2-update.linux64_1.0.0.201904181610/tools/bin/../lib/gcc/arm-none-eabi/7.3.1/../../../../arm-none-eabi/lib/thumb/v7e-m/fpv4-sp/hard/libc_nano.a(lib_a-init.o)
                0x0000000008006320                __libc_init_array
 .text.memcmp   0x0000000008006368       0x1e /opt/st/stm32cubeide_1.3.0_2/plugins/com.st.stm32cube.ide.mcu.externaltools.gnu-tools-for-stm32.7-2018-q2-update.linux64_1.0.0.201904181610/tools/bin/../lib/gcc/arm-none-eabi/7.3.1/../../../../arm-none-eabi/lib/thumb/v7e-m/fpv4-sp/hard/libc_nano.a(lib_a-memcmp.o)
                0x0000000008006368                memcmp
 .text.memcpy   0x0000000008006386       0x16 /opt/st/stm32cubeide_1.3.0_2/plugins/com.st.stm32cube.ide.mcu.externaltools.gnu-tools-for-stm32.7-2018-q2-update.linux64_1.0.0.201904181610/tools/bin/../lib/gcc/arm-none-eabi/7.3.1/../../../../arm-none-eabi/lib/thumb/v7e-m/fpv4-sp/hard/libc_nano.a(lib_a-memcpy-stub.o)
                0x0000000008006386                memcpy
 .text.memset   0x000000000800639c       0x10 /opt/st/stm32cubeide_1.3.0_2/plugins/com.st.stm32cube.ide.mcu.externaltools.gnu-tools-for-stm32.7-2018-q2-update.linux64_1.0.0.201904181610/tools/bin/../lib/gcc/arm-none-eabi/7.3.1/../../../../arm-none-eabi/lib/thumb/v7e-m/fpv4-sp/hard/libc_nano.a(lib_a-memset.o)
                0x000000000800639c                memset
 .text.sprintf  0x00000000080063ac       0x40 /opt/st/stm32cubeide_1.3.0_2/plugins/com.st.stm32cube.ide.mcu.externaltools.gnu-tools-for-stm32.7-2018-q2-update.linux64_1.0.0.201904181610/tools/bin/../lib/gcc/arm-none-eabi/7.3.1/../../../../arm-none-eabi/lib/thumb/v7e-m/fpv4-sp/hard/libc_nano.a(lib_a-sprintf.o)
                0x00000000080063ac                sprintf
                0x00000000080063ac                siprintf
 .text.__ssputs_r
                0x00000000080063ec       0xb4 /opt/st/stm32cubeide_1.3.0_2/plugins/com.st.stm32cube.ide.mcu.externaltools.gnu-tools-for-stm32.7-2018-q2-update.linux64_1.0.0.201904181610/tools/bin/../lib/gcc/arm-none-eabi/7.3.1/../../../../arm-none-eabi/lib/thumb/v7e-m/fpv4-sp/hard/libc_nano.a(lib_a-nano-svfprintf.o)
                0x00000000080063ec                __ssputs_r
 .text._svfprintf_r
                0x00000000080064a0      0x1f0 /opt/st/stm32cubeide_1.3.0_2/plugins/com.st.stm32cube.ide.mcu.externaltools.gnu-tools-for-stm32.7-2018-q2-update.linux64_1.0.0.201904181610/tools/bin/../lib/gcc/arm-none-eabi/7.3.1/../../../../arm-none-eabi/lib/thumb/v7e-m/fpv4-sp/hard/libc_nano.a(lib_a-nano-svfprintf.o)
                0x00000000080064a0                _svfprintf_r
                0x00000000080064a0                _svfiprintf_r
 .text._printf_common
                0x0000000008006690       0xea /opt/st/stm32cubeide_1.3.0_2/plugins/com.st.stm32cube.ide.mcu.externaltools.gnu-tools-for-stm32.7-2018-q2-update.linux64_1.0.0.201904181610/tools/bin/../lib/gcc/arm-none-eabi/7.3.1/../../../../arm-none-eabi/lib/thumb/v7e-m/fpv4-sp/hard/libc_nano.a(lib_a-nano-vfprintf_i.o)
                0x0000000008006690                _printf_common
 *fill*         0x000000000800677a        0x2 
 .text._printf_i
                0x000000000800677c      0x224 /opt/st/stm32cubeide_1.3.0_2/plugins/com.st.stm32cube.ide.mcu.externaltools.gnu-tools-for-stm32.7-2018-q2-update.linux64_1.0.0.201904181610/tools/bin/../lib/gcc/arm-none-eabi/7.3.1/../../../../arm-none-eabi/lib/thumb/v7e-m/fpv4-sp/hard/libc_nano.a(lib_a-nano-vfprintf_i.o)
                0x000000000800677c                _printf_i
 .text.memmove  0x00000000080069a0       0x32 /opt/st/stm32cubeide_1.3.0_2/plugins/com.st.stm32cube.ide.mcu.externaltools.gnu-tools-for-stm32.7-2018-q2-update.linux64_1.0.0.201904181610/tools/bin/../lib/gcc/arm-none-eabi/7.3.1/../../../../arm-none-eabi/lib/thumb/v7e-m/fpv4-sp/hard/libc_nano.a(lib_a-memmove.o)
                0x00000000080069a0                memmove
 *fill*         0x00000000080069d2        0x2 
 .text._free_r  0x00000000080069d4       0x9c /opt/st/stm32cubeide_1.3.0_2/plugins/com.st.stm32cube.ide.mcu.externaltools.gnu-tools-for-stm32.7-2018-q2-update.linux64_1.0.0.201904181610/tools/bin/../lib/gcc/arm-none-eabi/7.3.1/../../../../arm-none-eabi/lib/thumb/v7e-m/fpv4-sp/hard/libc_nano.a(lib_a-nano-freer.o)
                0x00000000080069d4                _free_r
 .text._malloc_r
                0x0000000008006a70       0xb4 /opt/st/stm32cubeide_1.3.0_2/plugins/com.st.stm32cube.ide.mcu.externaltools.gnu-tools-for-stm32.7-2018-q2-update.linux64_1.0.0.201904181610/tools/bin/../lib/gcc/arm-none-eabi/7.3.1/../../../../arm-none-eabi/lib/thumb/v7e-m/fpv4-sp/hard/libc_nano.a(lib_a-nano-mallocr.o)
                0x0000000008006a70                _malloc_r
 .text._realloc_r
                0x0000000008006b24       0x4c /opt/st/stm32cubeide_1.3.0_2/plugins/com.st.stm32cube.ide.mcu.externaltools.gnu-tools-for-stm32.7-2018-q2-update.linux64_1.0.0.201904181610/tools/bin/../lib/gcc/arm-none-eabi/7.3.1/../../../../arm-none-eabi/lib/thumb/v7e-m/fpv4-sp/hard/libc_nano.a(lib_a-nano-reallocr.o)
                0x0000000008006b24                _realloc_r
 .text._sbrk_r  0x0000000008006b70       0x20 /opt/st/stm32cubeide_1.3.0_2/plugins/com.st.stm32cube.ide.mcu.externaltools.gnu-tools-for-stm32.7-2018-q2-update.linux64_1.0.0.201904181610/tools/bin/../lib/gcc/arm-none-eabi/7.3.1/../../../../arm-none-eabi/lib/thumb/v7e-m/fpv4-sp/hard/libc_nano.a(lib_a-sbrkr.o)
                0x0000000008006b70                _sbrk_r
 .text.__malloc_lock
                0x0000000008006b90        0x2 /opt/st/stm32cubeide_1.3.0_2/plugins/com.st.stm32cube.ide.mcu.externaltools.gnu-tools-for-stm32.7-2018-q2-update.linux64_1.0.0.201904181610/tools/bin/../lib/gcc/arm-none-eabi/7.3.1/../../../../arm-none-eabi/lib/thumb/v7e-m/fpv4-sp/hard/libc_nano.a(lib_a-mlock.o)
                0x0000000008006b90                __malloc_lock
 .text.__malloc_unlock
                0x0000000008006b92        0x2 /opt/st/stm32cubeide_1.3.0_2/plugins/com.st.stm32cube.ide.mcu.externaltools.gnu-tools-for-stm32.7-2018-q2-update.linux64_1.0.0.201904181610/tools/bin/../lib/gcc/arm-none-eabi/7.3.1/../../../../arm-none-eabi/lib/thumb/v7e-m/fpv4-sp/hard/libc_nano.a(lib_a-mlock.o)
                0x0000000008006b92                __malloc_unlock
 .text._malloc_usable_size_r
                0x0000000008006b94       0x10 /opt/st/stm32cubeide_1.3.0_2/plugins/com.st.stm32cube.ide.mcu.externaltools.gnu-tools-for-stm32.7-2018-q2-update.linux64_1.0.0.201904181610/tools/bin/../lib/gcc/arm-none-eabi/7.3.1/../../../../arm-none-eabi/lib/thumb/v7e-m/fpv4-sp/hard/libc_nano.a(lib_a-nano-msizer.o)
                0x0000000008006b94                _malloc_usable_size_r
 *(.glue_7)
 .glue_7        0x0000000008006ba4        0x0 linker stubs
 *(.glue_7t)
 .glue_7t       0x0000000008006ba4        0x0 linker stubs
 *(.eh_frame)
 .eh_frame      0x0000000008006ba4        0x0 /opt/st/stm32cubeide_1.3.0_2/plugins/com.st.stm32cube.ide.mcu.externaltools.gnu-tools-for-stm32.7-2018-q2-update.linux64_1.0.0.201904181610/tools/bin/../lib/gcc/arm-none-eabi/7.3.1/thumb/v7e-m/fpv4-sp/hard/crtbegin.o
 *(.init)
 .init          0x0000000008006ba4        0x4 /opt/st/stm32cubeide_1.3.0_2/plugins/com.st.stm32cube.ide.mcu.externaltools.gnu-tools-for-stm32.7-2018-q2-update.linux64_1.0.0.201904181610/tools/bin/../lib/gcc/arm-none-eabi/7.3.1/thumb/v7e-m/fpv4-sp/hard/crti.o
                0x0000000008006ba4                _init
 .init          0x0000000008006ba8        0x8 /opt/st/stm32cubeide_1.3.0_2/plugins/com.st.stm32cube.ide.mcu.externaltools.gnu-tools-for-stm32.7-2018-q2-update.linux64_1.0.0.201904181610/tools/bin/../lib/gcc/arm-none-eabi/7.3.1/thumb/v7e-m/fpv4-sp/hard/crtn.o
 *(.fini)
 .fini          0x0000000008006bb0        0x4 /opt/st/stm32cubeide_1.3.0_2/plugins/com.st.stm32cube.ide.mcu.externaltools.gnu-tools-for-stm32.7-2018-q2-update.linux64_1.0.0.201904181610/tools/bin/../lib/gcc/arm-none-eabi/7.3.1/thumb/v7e-m/fpv4-sp/hard/crti.o
                0x0000000008006bb0                _fini
 .fini          0x0000000008006bb4        0x8 /opt/st/stm32cubeide_1.3.0_2/plugins/com.st.stm32cube.ide.mcu.externaltools.gnu-tools-for-stm32.7-2018-q2-update.linux64_1.0.0.201904181610/tools/bin/../lib/gcc/arm-none-eabi/7.3.1/thumb/v7e-m/fpv4-sp/hard/crtn.o
                0x0000000008006bbc                . = ALIGN (0x4)
                0x0000000008006bbc                _etext = .

.vfp11_veneer   0x0000000008006bbc        0x0
 .vfp11_veneer  0x0000000008006bbc        0x0 linker stubs

.v4_bx          0x0000000008006bbc        0x0
 .v4_bx         0x0000000008006bbc        0x0 linker stubs

.iplt           0x0000000008006bbc        0x0
 .iplt          0x0000000008006bbc        0x0 /opt/st/stm32cubeide_1.3.0_2/plugins/com.st.stm32cube.ide.mcu.externaltools.gnu-tools-for-stm32.7-2018-q2-update.linux64_1.0.0.201904181610/tools/bin/../lib/gcc/arm-none-eabi/7.3.1/thumb/v7e-m/fpv4-sp/hard/crtbegin.o

.rodata         0x0000000008006bbc      0x1ec
                0x0000000008006bbc                . = ALIGN (0x4)
 *(.rodata)
 .rodata        0x0000000008006bbc        0x5 FreeRTOS/org/Source/tasks.o
 *fill*         0x0000000008006bc1        0x3 
 .rodata        0x0000000008006bc4        0xd FreeRTOS/org/Source/timers.o
 *fill*         0x0000000008006bd1        0x3 
 .rodata        0x0000000008006bd4       0x49 SEGGER/Config/SEGGER_SYSVIEW_Config_FreeRTOS.o
 *fill*         0x0000000008006c1d        0x3 
 .rodata        0x0000000008006c20       0x58 SEGGER/OS/SEGGER_SYSVIEW_FreeRTOS.o
 .rodata        0x0000000008006c78       0x17 SEGGER/SEGGER/SEGGER_RTT.o
 *fill*         0x0000000008006c8f        0x1 
 .rodata        0x0000000008006c90        0x8 SEGGER/SEGGER/SEGGER_SYSVIEW.o
 .rodata        0x0000000008006c98       0xc6 src/main.o
 *(.rodata*)
 *fill*         0x0000000008006d5e        0x2 
 .rodata.SYSVIEW_X_OS_TraceAPI
                0x0000000008006d60        0x8 SEGGER/OS/SEGGER_SYSVIEW_FreeRTOS.o
                0x0000000008006d60                SYSVIEW_X_OS_TraceAPI
 .rodata._abSync
                0x0000000008006d68        0xa SEGGER/SEGGER/SEGGER_SYSVIEW.o
 .rodata._svfprintf_r.str1.1
                0x0000000008006d72       0x11 /opt/st/stm32cubeide_1.3.0_2/plugins/com.st.stm32cube.ide.mcu.externaltools.gnu-tools-for-stm32.7-2018-q2-update.linux64_1.0.0.201904181610/tools/bin/../lib/gcc/arm-none-eabi/7.3.1/../../../../arm-none-eabi/lib/thumb/v7e-m/fpv4-sp/hard/libc_nano.a(lib_a-nano-svfprintf.o)
 .rodata._printf_i.str1.1
                0x0000000008006d83       0x22 /opt/st/stm32cubeide_1.3.0_2/plugins/com.st.stm32cube.ide.mcu.externaltools.gnu-tools-for-stm32.7-2018-q2-update.linux64_1.0.0.201904181610/tools/bin/../lib/gcc/arm-none-eabi/7.3.1/../../../../arm-none-eabi/lib/thumb/v7e-m/fpv4-sp/hard/libc_nano.a(lib_a-nano-vfprintf_i.o)
                0x0000000008006da8                . = ALIGN (0x4)
 *fill*         0x0000000008006da5        0x3 

.rel.dyn        0x0000000008006da8        0x0
 .rel.iplt      0x0000000008006da8        0x0 /opt/st/stm32cubeide_1.3.0_2/plugins/com.st.stm32cube.ide.mcu.externaltools.gnu-tools-for-stm32.7-2018-q2-update.linux64_1.0.0.201904181610/tools/bin/../lib/gcc/arm-none-eabi/7.3.1/thumb/v7e-m/fpv4-sp/hard/crtbegin.o

.ARM.extab      0x0000000008006da8        0x0
                0x0000000008006da8                . = ALIGN (0x4)
 *(.ARM.extab* .gnu.linkonce.armextab.*)
                0x0000000008006da8                . = ALIGN (0x4)

.ARM            0x0000000008006da8        0x0
                0x0000000008006da8                . = ALIGN (0x4)
                0x0000000008006da8                __exidx_start = .
 *(.ARM.exidx*)
                0x0000000008006da8                __exidx_end = .
                0x0000000008006da8                . = ALIGN (0x4)

.preinit_array  0x0000000008006da8        0x0
                0x0000000008006da8                . = ALIGN (0x4)
                0x0000000008006da8                PROVIDE (__preinit_array_start = .)
 *(.preinit_array*)
                0x0000000008006da8                PROVIDE (__preinit_array_end = .)
                0x0000000008006da8                . = ALIGN (0x4)

.init_array     0x0000000008006da8        0x4
                0x0000000008006da8                . = ALIGN (0x4)
                0x0000000008006da8                PROVIDE (__init_array_start = .)
 *(SORT_BY_NAME(.init_array.*))
 *(.init_array*)
 .init_array    0x0000000008006da8        0x4 /opt/st/stm32cubeide_1.3.0_2/plugins/com.st.stm32cube.ide.mcu.externaltools.gnu-tools-for-stm32.7-2018-q2-update.linux64_1.0.0.201904181610/tools/bin/../lib/gcc/arm-none-eabi/7.3.1/thumb/v7e-m/fpv4-sp/hard/crtbegin.o
                0x0000000008006dac                PROVIDE (__init_array_end = .)
                0x0000000008006dac                . = ALIGN (0x4)

.fini_array     0x0000000008006dac        0x4
                0x0000000008006dac                . = ALIGN (0x4)
                [!provide]                        PROVIDE (__fini_array_start = .)
 *(SORT_BY_NAME(.fini_array.*))
 *(.fini_array*)
 .fini_array    0x0000000008006dac        0x4 /opt/st/stm32cubeide_1.3.0_2/plugins/com.st.stm32cube.ide.mcu.externaltools.gnu-tools-for-stm32.7-2018-q2-update.linux64_1.0.0.201904181610/tools/bin/../lib/gcc/arm-none-eabi/7.3.1/thumb/v7e-m/fpv4-sp/hard/crtbegin.o
                [!provide]                        PROVIDE (__fini_array_end = .)
                0x0000000008006db0                . = ALIGN (0x4)
                0x0000000008006db0                _sidata = LOADADDR (.data)

.data           0x0000000020000000      0x184 load address 0x0000000008006db0
                0x0000000020000000                . = ALIGN (0x4)
                0x0000000020000000                _sdata = .
 *(.data)
 *(.data*)
 .data.uxTopUsedPriority
                0x0000000020000000        0x4 FreeRTOS/org/Source/tasks.o
                0x0000000020000000                uxTopUsedPriority
 .data.uxCriticalNesting
                0x0000000020000004        0x4 FreeRTOS/org/Source/portable/GCC/ARM_CM4F/port.o
 .data.APBAHBPrescTable
                0x0000000020000008       0x10 StdPeriph_Driver/src/stm32f4xx_rcc.o
 .data.menu     0x0000000020000018       0xf1 src/main.o
                0x0000000020000018                menu
 *fill*         0x0000000020000109        0x3 
 .data.SystemCoreClock
                0x000000002000010c        0x4 src/system_stm32f4xx.o
                0x000000002000010c                SystemCoreClock
 .data.AHBPrescTable
                0x0000000020000110       0x10 src/system_stm32f4xx.o
                0x0000000020000110                AHBPrescTable
 .data._impure_ptr
                0x0000000020000120        0x4 /opt/st/stm32cubeide_1.3.0_2/plugins/com.st.stm32cube.ide.mcu.externaltools.gnu-tools-for-stm32.7-2018-q2-update.linux64_1.0.0.201904181610/tools/bin/../lib/gcc/arm-none-eabi/7.3.1/../../../../arm-none-eabi/lib/thumb/v7e-m/fpv4-sp/hard/libc_nano.a(lib_a-impure.o)
                0x0000000020000120                _impure_ptr
 .data.impure_data
                0x0000000020000124       0x60 /opt/st/stm32cubeide_1.3.0_2/plugins/com.st.stm32cube.ide.mcu.externaltools.gnu-tools-for-stm32.7-2018-q2-update.linux64_1.0.0.201904181610/tools/bin/../lib/gcc/arm-none-eabi/7.3.1/../../../../arm-none-eabi/lib/thumb/v7e-m/fpv4-sp/hard/libc_nano.a(lib_a-impure.o)
                0x0000000020000184                . = ALIGN (0x4)
                0x0000000020000184                _edata = .

.igot.plt       0x0000000020000184        0x0 load address 0x0000000008006f34
 .igot.plt      0x0000000020000184        0x0 /opt/st/stm32cubeide_1.3.0_2/plugins/com.st.stm32cube.ide.mcu.externaltools.gnu-tools-for-stm32.7-2018-q2-update.linux64_1.0.0.201904181610/tools/bin/../lib/gcc/arm-none-eabi/7.3.1/thumb/v7e-m/fpv4-sp/hard/crtbegin.o
                0x0000000020000184                . = ALIGN (0x4)

.bss            0x0000000020000184    0x15c80 load address 0x0000000008006f34
                0x0000000020000184                _sbss = .
                0x0000000020000184                __bss_start__ = _sbss
 *(.bss)
 .bss           0x0000000020000184       0x1c /opt/st/stm32cubeide_1.3.0_2/plugins/com.st.stm32cube.ide.mcu.externaltools.gnu-tools-for-stm32.7-2018-q2-update.linux64_1.0.0.201904181610/tools/bin/../lib/gcc/arm-none-eabi/7.3.1/thumb/v7e-m/fpv4-sp/hard/crtbegin.o
 *(.bss*)
 .bss.pxCurrentTCB
                0x00000000200001a0        0x4 FreeRTOS/org/Source/tasks.o
                0x00000000200001a0                pxCurrentTCB
 .bss.pxReadyTasksLists
                0x00000000200001a4       0x64 FreeRTOS/org/Source/tasks.o
 .bss.xDelayedTaskList1
                0x0000000020000208       0x14 FreeRTOS/org/Source/tasks.o
 .bss.xDelayedTaskList2
                0x000000002000021c       0x14 FreeRTOS/org/Source/tasks.o
 .bss.pxDelayedTaskList
                0x0000000020000230        0x4 FreeRTOS/org/Source/tasks.o
 .bss.pxOverflowDelayedTaskList
                0x0000000020000234        0x4 FreeRTOS/org/Source/tasks.o
 .bss.xPendingReadyList
                0x0000000020000238       0x14 FreeRTOS/org/Source/tasks.o
 .bss.xTasksWaitingTermination
                0x000000002000024c       0x14 FreeRTOS/org/Source/tasks.o
 .bss.uxDeletedTasksWaitingCleanUp
                0x0000000020000260        0x4 FreeRTOS/org/Source/tasks.o
 .bss.xSuspendedTaskList
                0x0000000020000264       0x14 FreeRTOS/org/Source/tasks.o
 .bss.uxCurrentNumberOfTasks
                0x0000000020000278        0x4 FreeRTOS/org/Source/tasks.o
 .bss.xTickCount
                0x000000002000027c        0x4 FreeRTOS/org/Source/tasks.o
 .bss.uxTopReadyPriority
                0x0000000020000280        0x4 FreeRTOS/org/Source/tasks.o
 .bss.xSchedulerRunning
                0x0000000020000284        0x4 FreeRTOS/org/Source/tasks.o
 .bss.xPendedTicks
                0x0000000020000288        0x4 FreeRTOS/org/Source/tasks.o
 .bss.xYieldPending
                0x000000002000028c        0x4 FreeRTOS/org/Source/tasks.o
 .bss.xNumOfOverflows
                0x0000000020000290        0x4 FreeRTOS/org/Source/tasks.o
 .bss.uxTaskNumber
                0x0000000020000294        0x4 FreeRTOS/org/Source/tasks.o
 .bss.xNextTaskUnblockTime
                0x0000000020000298        0x4 FreeRTOS/org/Source/tasks.o
 .bss.xIdleTaskHandle
                0x000000002000029c        0x4 FreeRTOS/org/Source/tasks.o
 .bss.uxSchedulerSuspended
                0x00000000200002a0        0x4 FreeRTOS/org/Source/tasks.o
 .bss.xActiveTimerList1
                0x00000000200002a4       0x14 FreeRTOS/org/Source/timers.o
 .bss.xActiveTimerList2
                0x00000000200002b8       0x14 FreeRTOS/org/Source/timers.o
 .bss.pxCurrentTimerList
                0x00000000200002cc        0x4 FreeRTOS/org/Source/timers.o
 .bss.pxOverflowTimerList
                0x00000000200002d0        0x4 FreeRTOS/org/Source/timers.o
 .bss.xTimerQueue
                0x00000000200002d4        0x4 FreeRTOS/org/Source/timers.o
 .bss.xTimerTaskHandle
                0x00000000200002d8        0x4 FreeRTOS/org/Source/timers.o
 .bss.xLastTime.7144
                0x00000000200002dc        0x4 FreeRTOS/org/Source/timers.o
 .bss.ucMaxSysCallPriority
                0x00000000200002e0        0x1 FreeRTOS/org/Source/portable/GCC/ARM_CM4F/port.o
 *fill*         0x00000000200002e1        0x3 
 .bss.ulMaxPRIGROUPValue
                0x00000000200002e4        0x4 FreeRTOS/org/Source/portable/GCC/ARM_CM4F/port.o
 .bss.ucHeap    0x00000000200002e8    0x12c00 FreeRTOS/org/Source/portable/MemMang/heap_4.o
 .bss.xStart    0x0000000020012ee8        0x8 FreeRTOS/org/Source/portable/MemMang/heap_4.o
 .bss.pxEnd     0x0000000020012ef0        0x4 FreeRTOS/org/Source/portable/MemMang/heap_4.o
 .bss.xFreeBytesRemaining
                0x0000000020012ef4        0x4 FreeRTOS/org/Source/portable/MemMang/heap_4.o
 .bss.xMinimumEverFreeBytesRemaining
                0x0000000020012ef8        0x4 FreeRTOS/org/Source/portable/MemMang/heap_4.o
 .bss.xNumberOfSuccessfulAllocations
                0x0000000020012efc        0x4 FreeRTOS/org/Source/portable/MemMang/heap_4.o
 .bss.xNumberOfSuccessfulFrees
                0x0000000020012f00        0x4 FreeRTOS/org/Source/portable/MemMang/heap_4.o
 .bss.xBlockAllocatedBit
                0x0000000020012f04        0x4 FreeRTOS/org/Source/portable/MemMang/heap_4.o
 .bss._aTasks   0x0000000020012f08       0xa0 SEGGER/OS/SEGGER_SYSVIEW_FreeRTOS.o
 .bss._NumTasks
                0x0000000020012fa8        0x4 SEGGER/OS/SEGGER_SYSVIEW_FreeRTOS.o
 .bss._acUpBuffer
                0x0000000020012fac      0x400 SEGGER/SEGGER/SEGGER_RTT.o
 .bss._acDownBuffer
                0x00000000200133ac       0x10 SEGGER/SEGGER/SEGGER_RTT.o
 .bss._UpBuffer
                0x00000000200133bc     0x2800 SEGGER/SEGGER/SEGGER_SYSVIEW.o
 .bss._DownBuffer
                0x0000000020015bbc        0x8 SEGGER/SEGGER/SEGGER_SYSVIEW.o
 .bss._SYSVIEW_Globals
                0x0000000020015bc4       0x28 SEGGER/SEGGER/SEGGER_SYSVIEW.o
 .bss._pFirstModule
                0x0000000020015bec        0x4 SEGGER/SEGGER/SEGGER_SYSVIEW.o
 .bss._NumModules
                0x0000000020015bf0        0x1 SEGGER/SEGGER/SEGGER_SYSVIEW.o
 *fill*         0x0000000020015bf1        0x3 
 .bss._aPacket  0x0000000020015bf4       0xe3 SEGGER/SEGGER/SEGGER_SYSVIEW.o
 *fill*         0x0000000020015cd7        0x1 
 .bss.Handle_menu_display_task
                0x0000000020015cd8        0x4 src/main.o
                0x0000000020015cd8                Handle_menu_display_task
 .bss.Handle_cmd_handling_task
                0x0000000020015cdc        0x4 src/main.o
                0x0000000020015cdc                Handle_cmd_handling_task
 .bss.Handle_cmd_processing_task
                0x0000000020015ce0        0x4 src/main.o
                0x0000000020015ce0                Handle_cmd_processing_task
 .bss.Handle_uart_write_task
                0x0000000020015ce4        0x4 src/main.o
                0x0000000020015ce4                Handle_uart_write_task
 .bss.command_queue
                0x0000000020015ce8        0x4 src/main.o
                0x0000000020015ce8                command_queue
 .bss.uart_queue
                0x0000000020015cec        0x4 src/main.o
                0x0000000020015cec                uart_queue
 .bss.command_len
                0x0000000020015cf0        0x1 src/main.o
                0x0000000020015cf0                command_len
 *fill*         0x0000000020015cf1        0x3 
 .bss.Timer_LedToggle
                0x0000000020015cf4        0x4 src/main.o
                0x0000000020015cf4                Timer_LedToggle
 .bss.heap_end.7221
                0x0000000020015cf8        0x4 src/syscalls.o
 .bss.__malloc_free_list
                0x0000000020015cfc        0x4 /opt/st/stm32cubeide_1.3.0_2/plugins/com.st.stm32cube.ide.mcu.externaltools.gnu-tools-for-stm32.7-2018-q2-update.linux64_1.0.0.201904181610/tools/bin/../lib/gcc/arm-none-eabi/7.3.1/../../../../arm-none-eabi/lib/thumb/v7e-m/fpv4-sp/hard/libc_nano.a(lib_a-nano-mallocr.o)
                0x0000000020015cfc                __malloc_free_list
 .bss.__malloc_sbrk_start
                0x0000000020015d00        0x4 /opt/st/stm32cubeide_1.3.0_2/plugins/com.st.stm32cube.ide.mcu.externaltools.gnu-tools-for-stm32.7-2018-q2-update.linux64_1.0.0.201904181610/tools/bin/../lib/gcc/arm-none-eabi/7.3.1/../../../../arm-none-eabi/lib/thumb/v7e-m/fpv4-sp/hard/libc_nano.a(lib_a-nano-mallocr.o)
                0x0000000020015d00                __malloc_sbrk_start
 *(COMMON)
 COMMON         0x0000000020015d04       0x40 FreeRTOS/org/Source/queue.o
                0x0000000020015d04                xQueueRegistry
 COMMON         0x0000000020015d44       0xa8 SEGGER/SEGGER/SEGGER_RTT.o
                0x0000000020015d44                _SEGGER_RTT
 COMMON         0x0000000020015dec       0x14 src/main.o
                0x0000000020015dec                command_buffer
 COMMON         0x0000000020015e00        0x4 /opt/st/stm32cubeide_1.3.0_2/plugins/com.st.stm32cube.ide.mcu.externaltools.gnu-tools-for-stm32.7-2018-q2-update.linux64_1.0.0.201904181610/tools/bin/../lib/gcc/arm-none-eabi/7.3.1/../../../../arm-none-eabi/lib/thumb/v7e-m/fpv4-sp/hard/libc_nano.a(lib_a-reent.o)
                0x0000000020015e00                errno
                0x0000000020015e04                . = ALIGN (0x4)
                0x0000000020015e04                _ebss = .
                0x0000000020015e04                __bss_end__ = _ebss

._user_heap_stack
                0x0000000020015e04      0x604 load address 0x0000000008006f34
                0x0000000020015e08                . = ALIGN (0x8)
 *fill*         0x0000000020015e04        0x4 
                0x0000000020015e08                PROVIDE (end = .)
                [!provide]                        PROVIDE (_end = .)
                0x0000000020016008                . = (. + _Min_Heap_Size)
 *fill*         0x0000000020015e08      0x200 
                0x0000000020016408                . = (. + _Min_Stack_Size)
 *fill*         0x0000000020016008      0x400 
                0x0000000020016408                . = ALIGN (0x8)

/DISCARD/
 libc.a(*)
 libm.a(*)
 libgcc.a(*)

.ARM.attributes
                0x0000000000000000       0x30
 *(.ARM.attributes)
 .ARM.attributes
                0x0000000000000000       0x22 /opt/st/stm32cubeide_1.3.0_2/plugins/com.st.stm32cube.ide.mcu.externaltools.gnu-tools-for-stm32.7-2018-q2-update.linux64_1.0.0.201904181610/tools/bin/../lib/gcc/arm-none-eabi/7.3.1/thumb/v7e-m/fpv4-sp/hard/crti.o
 .ARM.attributes
                0x0000000000000022       0x34 /opt/st/stm32cubeide_1.3.0_2/plugins/com.st.stm32cube.ide.mcu.externaltools.gnu-tools-for-stm32.7-2018-q2-update.linux64_1.0.0.201904181610/tools/bin/../lib/gcc/arm-none-eabi/7.3.1/thumb/v7e-m/fpv4-sp/hard/crtbegin.o
 .ARM.attributes
                0x0000000000000056       0x39 FreeRTOS/org/Source/list.o
 .ARM.attributes
                0x000000000000008f       0x39 FreeRTOS/org/Source/queue.o
 .ARM.attributes
                0x00000000000000c8       0x39 FreeRTOS/org/Source/tasks.o
 .ARM.attributes
                0x0000000000000101       0x39 FreeRTOS/org/Source/timers.o
 .ARM.attributes
                0x000000000000013a       0x39 FreeRTOS/org/Source/portable/GCC/ARM_CM4F/port.o
 .ARM.attributes
                0x0000000000000173       0x39 FreeRTOS/org/Source/portable/MemMang/heap_4.o
 .ARM.attributes
                0x00000000000001ac       0x39 SEGGER/Config/SEGGER_SYSVIEW_Config_FreeRTOS.o
 .ARM.attributes
                0x00000000000001e5       0x39 SEGGER/OS/SEGGER_SYSVIEW_FreeRTOS.o
 .ARM.attributes
                0x000000000000021e       0x39 SEGGER/SEGGER/SEGGER_RTT.o
 .ARM.attributes
                0x0000000000000257       0x25 SEGGER/SEGGER/SEGGER_RTT_ASM_ARMv7M.o
 .ARM.attributes
                0x000000000000027c       0x39 SEGGER/SEGGER/SEGGER_SYSVIEW.o
 .ARM.attributes
                0x00000000000002b5       0x39 StdPeriph_Driver/src/stm32f4xx_gpio.o
 .ARM.attributes
                0x00000000000002ee       0x39 StdPeriph_Driver/src/stm32f4xx_rcc.o
 .ARM.attributes
                0x0000000000000327       0x39 StdPeriph_Driver/src/stm32f4xx_rtc.o
 .ARM.attributes
                0x0000000000000360       0x39 StdPeriph_Driver/src/stm32f4xx_usart.o
 .ARM.attributes
                0x0000000000000399       0x39 src/main.o
 .ARM.attributes
                0x00000000000003d2       0x39 src/syscalls.o
 .ARM.attributes
                0x000000000000040b       0x39 src/system_stm32f4xx.o
 .ARM.attributes
                0x0000000000000444       0x21 startup/startup_stm32.o
 .ARM.attributes
                0x0000000000000465       0x34 /opt/st/stm32cubeide_1.3.0_2/plugins/com.st.stm32cube.ide.mcu.externaltools.gnu-tools-for-stm32.7-2018-q2-update.linux64_1.0.0.201904181610/tools/bin/../lib/gcc/arm-none-eabi/7.3.1/../../../../arm-none-eabi/lib/thumb/v7e-m/fpv4-sp/hard/libc_nano.a(lib_a-errno.o)
 .ARM.attributes
                0x0000000000000499       0x34 /opt/st/stm32cubeide_1.3.0_2/plugins/com.st.stm32cube.ide.mcu.externaltools.gnu-tools-for-stm32.7-2018-q2-update.linux64_1.0.0.201904181610/tools/bin/../lib/gcc/arm-none-eabi/7.3.1/../../../../arm-none-eabi/lib/thumb/v7e-m/fpv4-sp/hard/libc_nano.a(lib_a-impure.o)
 .ARM.attributes
                0x00000000000004cd       0x34 /opt/st/stm32cubeide_1.3.0_2/plugins/com.st.stm32cube.ide.mcu.externaltools.gnu-tools-for-stm32.7-2018-q2-update.linux64_1.0.0.201904181610/tools/bin/../lib/gcc/arm-none-eabi/7.3.1/../../../../arm-none-eabi/lib/thumb/v7e-m/fpv4-sp/hard/libc_nano.a(lib_a-init.o)
 .ARM.attributes
                0x0000000000000501       0x34 /opt/st/stm32cubeide_1.3.0_2/plugins/com.st.stm32cube.ide.mcu.externaltools.gnu-tools-for-stm32.7-2018-q2-update.linux64_1.0.0.201904181610/tools/bin/../lib/gcc/arm-none-eabi/7.3.1/../../../../arm-none-eabi/lib/thumb/v7e-m/fpv4-sp/hard/libc_nano.a(lib_a-memcmp.o)
 .ARM.attributes
                0x0000000000000535       0x34 /opt/st/stm32cubeide_1.3.0_2/plugins/com.st.stm32cube.ide.mcu.externaltools.gnu-tools-for-stm32.7-2018-q2-update.linux64_1.0.0.201904181610/tools/bin/../lib/gcc/arm-none-eabi/7.3.1/../../../../arm-none-eabi/lib/thumb/v7e-m/fpv4-sp/hard/libc_nano.a(lib_a-memcpy-stub.o)
 .ARM.attributes
                0x0000000000000569       0x34 /opt/st/stm32cubeide_1.3.0_2/plugins/com.st.stm32cube.ide.mcu.externaltools.gnu-tools-for-stm32.7-2018-q2-update.linux64_1.0.0.201904181610/tools/bin/../lib/gcc/arm-none-eabi/7.3.1/../../../../arm-none-eabi/lib/thumb/v7e-m/fpv4-sp/hard/libc_nano.a(lib_a-memset.o)
 .ARM.attributes
                0x000000000000059d       0x34 /opt/st/stm32cubeide_1.3.0_2/plugins/com.st.stm32cube.ide.mcu.externaltools.gnu-tools-for-stm32.7-2018-q2-update.linux64_1.0.0.201904181610/tools/bin/../lib/gcc/arm-none-eabi/7.3.1/../../../../arm-none-eabi/lib/thumb/v7e-m/fpv4-sp/hard/libc_nano.a(lib_a-sprintf.o)
 .ARM.attributes
                0x00000000000005d1       0x1b /opt/st/stm32cubeide_1.3.0_2/plugins/com.st.stm32cube.ide.mcu.externaltools.gnu-tools-for-stm32.7-2018-q2-update.linux64_1.0.0.201904181610/tools/bin/../lib/gcc/arm-none-eabi/7.3.1/../../../../arm-none-eabi/lib/thumb/v7e-m/fpv4-sp/hard/libc_nano.a(lib_a-strlen.o)
 .ARM.attributes
                0x00000000000005ec       0x34 /opt/st/stm32cubeide_1.3.0_2/plugins/com.st.stm32cube.ide.mcu.externaltools.gnu-tools-for-stm32.7-2018-q2-update.linux64_1.0.0.201904181610/tools/bin/../lib/gcc/arm-none-eabi/7.3.1/../../../../arm-none-eabi/lib/thumb/v7e-m/fpv4-sp/hard/libc_nano.a(lib_a-nano-svfprintf.o)
 .ARM.attributes
                0x0000000000000620       0x34 /opt/st/stm32cubeide_1.3.0_2/plugins/com.st.stm32cube.ide.mcu.externaltools.gnu-tools-for-stm32.7-2018-q2-update.linux64_1.0.0.201904181610/tools/bin/../lib/gcc/arm-none-eabi/7.3.1/../../../../arm-none-eabi/lib/thumb/v7e-m/fpv4-sp/hard/libc_nano.a(lib_a-nano-vfprintf_i.o)
 .ARM.attributes
                0x0000000000000654       0x20 /opt/st/stm32cubeide_1.3.0_2/plugins/com.st.stm32cube.ide.mcu.externaltools.gnu-tools-for-stm32.7-2018-q2-update.linux64_1.0.0.201904181610/tools/bin/../lib/gcc/arm-none-eabi/7.3.1/../../../../arm-none-eabi/lib/thumb/v7e-m/fpv4-sp/hard/libc_nano.a(lib_a-memchr.o)
 .ARM.attributes
                0x0000000000000674       0x34 /opt/st/stm32cubeide_1.3.0_2/plugins/com.st.stm32cube.ide.mcu.externaltools.gnu-tools-for-stm32.7-2018-q2-update.linux64_1.0.0.201904181610/tools/bin/../lib/gcc/arm-none-eabi/7.3.1/../../../../arm-none-eabi/lib/thumb/v7e-m/fpv4-sp/hard/libc_nano.a(lib_a-memmove.o)
 .ARM.attributes
                0x00000000000006a8       0x34 /opt/st/stm32cubeide_1.3.0_2/plugins/com.st.stm32cube.ide.mcu.externaltools.gnu-tools-for-stm32.7-2018-q2-update.linux64_1.0.0.201904181610/tools/bin/../lib/gcc/arm-none-eabi/7.3.1/../../../../arm-none-eabi/lib/thumb/v7e-m/fpv4-sp/hard/libc_nano.a(lib_a-nano-freer.o)
 .ARM.attributes
                0x00000000000006dc       0x34 /opt/st/stm32cubeide_1.3.0_2/plugins/com.st.stm32cube.ide.mcu.externaltools.gnu-tools-for-stm32.7-2018-q2-update.linux64_1.0.0.201904181610/tools/bin/../lib/gcc/arm-none-eabi/7.3.1/../../../../arm-none-eabi/lib/thumb/v7e-m/fpv4-sp/hard/libc_nano.a(lib_a-nano-mallocr.o)
 .ARM.attributes
                0x0000000000000710       0x34 /opt/st/stm32cubeide_1.3.0_2/plugins/com.st.stm32cube.ide.mcu.externaltools.gnu-tools-for-stm32.7-2018-q2-update.linux64_1.0.0.201904181610/tools/bin/../lib/gcc/arm-none-eabi/7.3.1/../../../../arm-none-eabi/lib/thumb/v7e-m/fpv4-sp/hard/libc_nano.a(lib_a-nano-reallocr.o)
 .ARM.attributes
                0x0000000000000744       0x34 /opt/st/stm32cubeide_1.3.0_2/plugins/com.st.stm32cube.ide.mcu.externaltools.gnu-tools-for-stm32.7-2018-q2-update.linux64_1.0.0.201904181610/tools/bin/../lib/gcc/arm-none-eabi/7.3.1/../../../../arm-none-eabi/lib/thumb/v7e-m/fpv4-sp/hard/libc_nano.a(lib_a-sbrkr.o)
 .ARM.attributes
                0x0000000000000778       0x34 /opt/st/stm32cubeide_1.3.0_2/plugins/com.st.stm32cube.ide.mcu.externaltools.gnu-tools-for-stm32.7-2018-q2-update.linux64_1.0.0.201904181610/tools/bin/../lib/gcc/arm-none-eabi/7.3.1/../../../../arm-none-eabi/lib/thumb/v7e-m/fpv4-sp/hard/libc_nano.a(lib_a-mlock.o)
 .ARM.attributes
                0x00000000000007ac       0x34 /opt/st/stm32cubeide_1.3.0_2/plugins/com.st.stm32cube.ide.mcu.externaltools.gnu-tools-for-stm32.7-2018-q2-update.linux64_1.0.0.201904181610/tools/bin/../lib/gcc/arm-none-eabi/7.3.1/../../../../arm-none-eabi/lib/thumb/v7e-m/fpv4-sp/hard/libc_nano.a(lib_a-nano-msizer.o)
 .ARM.attributes
                0x00000000000007e0       0x34 /opt/st/stm32cubeide_1.3.0_2/plugins/com.st.stm32cube.ide.mcu.externaltools.gnu-tools-for-stm32.7-2018-q2-update.linux64_1.0.0.201904181610/tools/bin/../lib/gcc/arm-none-eabi/7.3.1/../../../../arm-none-eabi/lib/thumb/v7e-m/fpv4-sp/hard/libc_nano.a(lib_a-reent.o)
 .ARM.attributes
                0x0000000000000814       0x22 /opt/st/stm32cubeide_1.3.0_2/plugins/com.st.stm32cube.ide.mcu.externaltools.gnu-tools-for-stm32.7-2018-q2-update.linux64_1.0.0.201904181610/tools/bin/../lib/gcc/arm-none-eabi/7.3.1/thumb/v7e-m/fpv4-sp/hard/crtn.o
OUTPUT(FreeRTOS_STM32_Porting.elf elf32-littlearm)

.debug_info     0x0000000000000000    0x13ec1
 .debug_info    0x0000000000000000      0xae1 FreeRTOS/org/Source/list.o
 .debug_info    0x0000000000000ae1     0x200d FreeRTOS/org/Source/queue.o
 .debug_info    0x0000000000002aee     0x2a18 FreeRTOS/org/Source/tasks.o
 .debug_info    0x0000000000005506     0x14df FreeRTOS/org/Source/timers.o
 .debug_info    0x00000000000069e5      0x549 FreeRTOS/org/Source/portable/GCC/ARM_CM4F/port.o
 .debug_info    0x0000000000006f2e      0xd03 FreeRTOS/org/Source/portable/MemMang/heap_4.o
 .debug_info    0x0000000000007c31      0x125 SEGGER/Config/SEGGER_SYSVIEW_Config_FreeRTOS.o
 .debug_info    0x0000000000007d56      0xb92 SEGGER/OS/SEGGER_SYSVIEW_FreeRTOS.o
 .debug_info    0x00000000000088e8     0x1bab SEGGER/SEGGER/SEGGER_RTT.o
 .debug_info    0x000000000000a493       0x26 SEGGER/SEGGER/SEGGER_RTT_ASM_ARMv7M.o
 .debug_info    0x000000000000a4b9     0x3c91 SEGGER/SEGGER/SEGGER_SYSVIEW.o
 .debug_info    0x000000000000e14a      0x62b StdPeriph_Driver/src/stm32f4xx_gpio.o
 .debug_info    0x000000000000e775      0xe67 StdPeriph_Driver/src/stm32f4xx_rcc.o
 .debug_info    0x000000000000f5dc     0x10f6 StdPeriph_Driver/src/stm32f4xx_rtc.o
 .debug_info    0x00000000000106d2      0x9d4 StdPeriph_Driver/src/stm32f4xx_usart.o
 .debug_info    0x00000000000110a6     0x18c9 src/main.o
 .debug_info    0x000000000001296f      0xf1e src/syscalls.o
 .debug_info    0x000000000001388d      0x612 src/system_stm32f4xx.o
 .debug_info    0x0000000000013e9f       0x22 startup/startup_stm32.o

.debug_abbrev   0x0000000000000000     0x2661
 .debug_abbrev  0x0000000000000000      0x1cf FreeRTOS/org/Source/list.o
 .debug_abbrev  0x00000000000001cf      0x2f1 FreeRTOS/org/Source/queue.o
 .debug_abbrev  0x00000000000004c0      0x36e FreeRTOS/org/Source/tasks.o
 .debug_abbrev  0x000000000000082e      0x2c8 FreeRTOS/org/Source/timers.o
 .debug_abbrev  0x0000000000000af6      0x210 FreeRTOS/org/Source/portable/GCC/ARM_CM4F/port.o
 .debug_abbrev  0x0000000000000d06      0x29e FreeRTOS/org/Source/portable/MemMang/heap_4.o
 .debug_abbrev  0x0000000000000fa4       0xb5 SEGGER/Config/SEGGER_SYSVIEW_Config_FreeRTOS.o
 .debug_abbrev  0x0000000000001059      0x1ed SEGGER/OS/SEGGER_SYSVIEW_FreeRTOS.o
 .debug_abbrev  0x0000000000001246      0x2a7 SEGGER/SEGGER/SEGGER_RTT.o
 .debug_abbrev  0x00000000000014ed       0x14 SEGGER/SEGGER/SEGGER_RTT_ASM_ARMv7M.o
 .debug_abbrev  0x0000000000001501      0x338 SEGGER/SEGGER/SEGGER_SYSVIEW.o
 .debug_abbrev  0x0000000000001839      0x1bf StdPeriph_Driver/src/stm32f4xx_gpio.o
 .debug_abbrev  0x00000000000019f8      0x1d4 StdPeriph_Driver/src/stm32f4xx_rcc.o
 .debug_abbrev  0x0000000000001bcc      0x1e2 StdPeriph_Driver/src/stm32f4xx_rtc.o
 .debug_abbrev  0x0000000000001dae      0x187 StdPeriph_Driver/src/stm32f4xx_usart.o
 .debug_abbrev  0x0000000000001f35      0x349 src/main.o
 .debug_abbrev  0x000000000000227e      0x274 src/syscalls.o
 .debug_abbrev  0x00000000000024f2      0x15d src/system_stm32f4xx.o
 .debug_abbrev  0x000000000000264f       0x12 startup/startup_stm32.o

.debug_aranges  0x0000000000000000     0x1080
 .debug_aranges
                0x0000000000000000       0x40 FreeRTOS/org/Source/list.o
 .debug_aranges
                0x0000000000000040      0x130 FreeRTOS/org/Source/queue.o
 .debug_aranges
                0x0000000000000170      0x208 FreeRTOS/org/Source/tasks.o
 .debug_aranges
                0x0000000000000378       0xd8 FreeRTOS/org/Source/timers.o
 .debug_aranges
                0x0000000000000450       0x80 FreeRTOS/org/Source/portable/GCC/ARM_CM4F/port.o
 .debug_aranges
                0x00000000000004d0       0x58 FreeRTOS/org/Source/portable/MemMang/heap_4.o
 .debug_aranges
                0x0000000000000528       0x28 SEGGER/Config/SEGGER_SYSVIEW_Config_FreeRTOS.o
 .debug_aranges
                0x0000000000000550       0x48 SEGGER/OS/SEGGER_SYSVIEW_FreeRTOS.o
 .debug_aranges
                0x0000000000000598      0x138 SEGGER/SEGGER/SEGGER_RTT.o
 .debug_aranges
                0x00000000000006d0       0x20 SEGGER/SEGGER/SEGGER_RTT_ASM_ARMv7M.o
 .debug_aranges
                0x00000000000006f0      0x280 SEGGER/SEGGER/SEGGER_SYSVIEW.o
 .debug_aranges
                0x0000000000000970       0x88 StdPeriph_Driver/src/stm32f4xx_gpio.o
 .debug_aranges
                0x00000000000009f8      0x1c0 StdPeriph_Driver/src/stm32f4xx_rcc.o
 .debug_aranges
                0x0000000000000bb8      0x1e0 StdPeriph_Driver/src/stm32f4xx_rtc.o
 .debug_aranges
                0x0000000000000d98      0x100 StdPeriph_Driver/src/stm32f4xx_usart.o
 .debug_aranges
                0x0000000000000e98       0xe0 src/main.o
 .debug_aranges
                0x0000000000000f78       0xb0 src/syscalls.o
 .debug_aranges
                0x0000000000001028       0x30 src/system_stm32f4xx.o
 .debug_aranges
                0x0000000000001058       0x28 startup/startup_stm32.o

.debug_ranges   0x0000000000000000      0xf48
 .debug_ranges  0x0000000000000000       0x30 FreeRTOS/org/Source/list.o
 .debug_ranges  0x0000000000000030      0x120 FreeRTOS/org/Source/queue.o
 .debug_ranges  0x0000000000000150      0x1f8 FreeRTOS/org/Source/tasks.o
 .debug_ranges  0x0000000000000348       0xc8 FreeRTOS/org/Source/timers.o
 .debug_ranges  0x0000000000000410       0x70 FreeRTOS/org/Source/portable/GCC/ARM_CM4F/port.o
 .debug_ranges  0x0000000000000480       0x48 FreeRTOS/org/Source/portable/MemMang/heap_4.o
 .debug_ranges  0x00000000000004c8       0x18 SEGGER/Config/SEGGER_SYSVIEW_Config_FreeRTOS.o
 .debug_ranges  0x00000000000004e0       0x38 SEGGER/OS/SEGGER_SYSVIEW_FreeRTOS.o
 .debug_ranges  0x0000000000000518      0x128 SEGGER/SEGGER/SEGGER_RTT.o
 .debug_ranges  0x0000000000000640      0x270 SEGGER/SEGGER/SEGGER_SYSVIEW.o
 .debug_ranges  0x00000000000008b0       0x78 StdPeriph_Driver/src/stm32f4xx_gpio.o
 .debug_ranges  0x0000000000000928      0x1b0 StdPeriph_Driver/src/stm32f4xx_rcc.o
 .debug_ranges  0x0000000000000ad8      0x1d0 StdPeriph_Driver/src/stm32f4xx_rtc.o
 .debug_ranges  0x0000000000000ca8       0xf0 StdPeriph_Driver/src/stm32f4xx_usart.o
 .debug_ranges  0x0000000000000d98       0xd0 src/main.o
 .debug_ranges  0x0000000000000e68       0xa0 src/syscalls.o
 .debug_ranges  0x0000000000000f08       0x20 src/system_stm32f4xx.o
 .debug_ranges  0x0000000000000f28       0x20 startup/startup_stm32.o

.debug_macro    0x0000000000000000     0x40b7
 .debug_macro   0x0000000000000000      0x1e8 FreeRTOS/org/Source/list.o
 .debug_macro   0x00000000000001e8      0x271 FreeRTOS/org/Source/queue.o
 .debug_macro   0x0000000000000459       0x16 FreeRTOS/org/Source/queue.o
 .debug_macro   0x000000000000046f       0x35 FreeRTOS/org/Source/queue.o
 .debug_macro   0x00000000000004a4       0x20 FreeRTOS/org/Source/queue.o
 .debug_macro   0x00000000000004c4       0x80 FreeRTOS/org/Source/queue.o
 .debug_macro   0x0000000000000544      0x2d5 FreeRTOS/org/Source/tasks.o
 .debug_macro   0x0000000000000819       0x10 FreeRTOS/org/Source/tasks.o
 .debug_macro   0x0000000000000829      0x231 FreeRTOS/org/Source/timers.o
 .debug_macro   0x0000000000000a5a       0x97 FreeRTOS/org/Source/timers.o
 .debug_macro   0x0000000000000af1      0x1f8 FreeRTOS/org/Source/portable/GCC/ARM_CM4F/port.o
 .debug_macro   0x0000000000000ce9      0x203 FreeRTOS/org/Source/portable/MemMang/heap_4.o
 .debug_macro   0x0000000000000eec      0x138 SEGGER/Config/SEGGER_SYSVIEW_Config_FreeRTOS.o
 .debug_macro   0x0000000000001024      0x1f7 SEGGER/OS/SEGGER_SYSVIEW_FreeRTOS.o
 .debug_macro   0x000000000000121b      0x1b0 SEGGER/SEGGER/SEGGER_RTT.o
 .debug_macro   0x00000000000013cb       0x34 SEGGER/SEGGER/SEGGER_RTT.o
 .debug_macro   0x00000000000013ff      0x138 SEGGER/SEGGER/SEGGER_RTT.o
 .debug_macro   0x0000000000001537      0x206 SEGGER/SEGGER/SEGGER_SYSVIEW.o
 .debug_macro   0x000000000000173d      0x204 SEGGER/SEGGER/SEGGER_SYSVIEW.o
 .debug_macro   0x0000000000001941      0x16e SEGGER/SEGGER/SEGGER_SYSVIEW.o
 .debug_macro   0x0000000000001aaf      0x1bc StdPeriph_Driver/src/stm32f4xx_gpio.o
 .debug_macro   0x0000000000001c6b      0x2f5 StdPeriph_Driver/src/stm32f4xx_gpio.o
 .debug_macro   0x0000000000001f60      0x28b StdPeriph_Driver/src/stm32f4xx_rcc.o
 .debug_macro   0x00000000000021eb      0x1f8 StdPeriph_Driver/src/stm32f4xx_rtc.o
 .debug_macro   0x00000000000023e3      0x598 StdPeriph_Driver/src/stm32f4xx_rtc.o
 .debug_macro   0x000000000000297b      0x1d4 StdPeriph_Driver/src/stm32f4xx_usart.o
 .debug_macro   0x0000000000002b4f      0x21d StdPeriph_Driver/src/stm32f4xx_usart.o
 .debug_macro   0x0000000000002d6c      0x43a src/main.o
 .debug_macro   0x00000000000031a6      0x112 src/main.o
 .debug_macro   0x00000000000032b8       0x16 src/main.o
 .debug_macro   0x00000000000032ce       0x10 src/main.o
 .debug_macro   0x00000000000032de       0x1c src/main.o
 .debug_macro   0x00000000000032fa       0x52 src/main.o
 .debug_macro   0x000000000000334c       0x40 src/main.o
 .debug_macro   0x000000000000338c       0x10 src/main.o
 .debug_macro   0x000000000000339c       0x40 src/main.o
 .debug_macro   0x00000000000033dc       0xd7 src/main.o
 .debug_macro   0x00000000000034b3       0x1c src/main.o
 .debug_macro   0x00000000000034cf       0x3d src/main.o
 .debug_macro   0x000000000000350c       0x16 src/main.o
 .debug_macro   0x0000000000003522      0x145 src/main.o
 .debug_macro   0x0000000000003667      0x243 src/syscalls.o
 .debug_macro   0x00000000000038aa       0x10 src/syscalls.o
 .debug_macro   0x00000000000038ba       0x10 src/syscalls.o
 .debug_macro   0x00000000000038ca       0x10 src/syscalls.o
 .debug_macro   0x00000000000038da       0x35 src/syscalls.o
 .debug_macro   0x000000000000390f      0x122 src/syscalls.o
 .debug_macro   0x0000000000003a31       0x10 src/syscalls.o
 .debug_macro   0x0000000000003a41      0x241 src/syscalls.o
 .debug_macro   0x0000000000003c82       0x1c src/syscalls.o
 .debug_macro   0x0000000000003c9e       0x10 src/syscalls.o
 .debug_macro   0x0000000000003cae       0x10 src/syscalls.o
 .debug_macro   0x0000000000003cbe      0x189 src/syscalls.o
 .debug_macro   0x0000000000003e47       0x16 src/syscalls.o
 .debug_macro   0x0000000000003e5d       0x88 src/syscalls.o
 .debug_macro   0x0000000000003ee5      0x1d2 src/system_stm32f4xx.o

.debug_line     0x0000000000000000     0xceff
 .debug_line    0x0000000000000000      0x8c8 FreeRTOS/org/Source/list.o
 .debug_line    0x00000000000008c8     0x12ae FreeRTOS/org/Source/queue.o
 .debug_line    0x0000000000001b76     0x16a5 FreeRTOS/org/Source/tasks.o
 .debug_line    0x000000000000321b      0xc65 FreeRTOS/org/Source/timers.o
 .debug_line    0x0000000000003e80      0x949 FreeRTOS/org/Source/portable/GCC/ARM_CM4F/port.o
 .debug_line    0x00000000000047c9      0x9ed FreeRTOS/org/Source/portable/MemMang/heap_4.o
 .debug_line    0x00000000000051b6      0x734 SEGGER/Config/SEGGER_SYSVIEW_Config_FreeRTOS.o
 .debug_line    0x00000000000058ea      0x958 SEGGER/OS/SEGGER_SYSVIEW_FreeRTOS.o
 .debug_line    0x0000000000006242      0x9fd SEGGER/SEGGER/SEGGER_RTT.o
 .debug_line    0x0000000000006c3f       0x95 SEGGER/SEGGER/SEGGER_RTT_ASM_ARMv7M.o
 .debug_line    0x0000000000006cd4     0x189f SEGGER/SEGGER/SEGGER_SYSVIEW.o
 .debug_line    0x0000000000008573      0x886 StdPeriph_Driver/src/stm32f4xx_gpio.o
 .debug_line    0x0000000000008df9      0xb7a StdPeriph_Driver/src/stm32f4xx_rcc.o
 .debug_line    0x0000000000009973      0xd3c StdPeriph_Driver/src/stm32f4xx_rtc.o
 .debug_line    0x000000000000a6af      0x9cc StdPeriph_Driver/src/stm32f4xx_usart.o
 .debug_line    0x000000000000b07b      0xf5a src/main.o
 .debug_line    0x000000000000bfd5      0x733 src/syscalls.o
 .debug_line    0x000000000000c708      0x77b src/system_stm32f4xx.o
 .debug_line    0x000000000000ce83       0x7c startup/startup_stm32.o

.debug_str      0x0000000000000000    0x752ea
 .debug_str     0x0000000000000000     0xe75e FreeRTOS/org/Source/list.o
                                       0xea27 (size before relaxing)
 .debug_str     0x000000000000e75e     0x22cf FreeRTOS/org/Source/queue.o
                                      0x10ceb (size before relaxing)
 .debug_str     0x0000000000010a2d     0x1d28 FreeRTOS/org/Source/tasks.o
                                      0x11b50 (size before relaxing)
 .debug_str     0x0000000000012755      0x51d FreeRTOS/org/Source/timers.o
                                      0x110cf (size before relaxing)
 .debug_str     0x0000000000012c72      0x7e7 FreeRTOS/org/Source/portable/GCC/ARM_CM4F/port.o
                                       0xd36f (size before relaxing)
 .debug_str     0x0000000000013459      0x327 FreeRTOS/org/Source/portable/MemMang/heap_4.o
                                       0xfea1 (size before relaxing)
 .debug_str     0x0000000000013780      0x15e SEGGER/Config/SEGGER_SYSVIEW_Config_FreeRTOS.o
                                       0xb21e (size before relaxing)
 .debug_str     0x00000000000138de       0xef SEGGER/OS/SEGGER_SYSVIEW_FreeRTOS.o
                                       0xfbf1 (size before relaxing)
 .debug_str     0x00000000000139cd     0x1042 SEGGER/SEGGER/SEGGER_RTT.o
                                       0x7948 (size before relaxing)
 .debug_str     0x0000000000014a0f       0x37 SEGGER/SEGGER/SEGGER_RTT_ASM_ARMv7M.o
                                         0x92 (size before relaxing)
 .debug_str     0x0000000000014a46      0xf49 SEGGER/SEGGER/SEGGER_SYSVIEW.o
                                       0x9906 (size before relaxing)
 .debug_str     0x000000000001598f    0x5afbf StdPeriph_Driver/src/stm32f4xx_gpio.o
                                      0x5ecc3 (size before relaxing)
 .debug_str     0x000000000007094e      0xdb7 StdPeriph_Driver/src/stm32f4xx_rcc.o
                                      0x5f7d0 (size before relaxing)
 .debug_str     0x0000000000071705      0xb8a StdPeriph_Driver/src/stm32f4xx_rtc.o
                                      0x5f5c4 (size before relaxing)
 .debug_str     0x000000000007228f      0x53a StdPeriph_Driver/src/stm32f4xx_usart.o
                                      0x5efd6 (size before relaxing)
 .debug_str     0x00000000000727c9     0x1ab6 src/main.o
                                      0x6d552 (size before relaxing)
 .debug_str     0x000000000007427f      0xf89 src/syscalls.o
                                       0x8919 (size before relaxing)
 .debug_str     0x0000000000075208       0xc7 src/system_stm32f4xx.o
                                      0x5ec16 (size before relaxing)
 .debug_str     0x00000000000752cf       0x1b startup/startup_stm32.o
                                         0x84 (size before relaxing)

.comment        0x0000000000000000       0x7b
 .comment       0x0000000000000000       0x7b FreeRTOS/org/Source/list.o
                                         0x7c (size before relaxing)
 .comment       0x000000000000007b       0x7c FreeRTOS/org/Source/queue.o
 .comment       0x000000000000007b       0x7c FreeRTOS/org/Source/tasks.o
 .comment       0x000000000000007b       0x7c FreeRTOS/org/Source/timers.o
 .comment       0x000000000000007b       0x7c FreeRTOS/org/Source/portable/GCC/ARM_CM4F/port.o
 .comment       0x000000000000007b       0x7c FreeRTOS/org/Source/portable/MemMang/heap_4.o
 .comment       0x000000000000007b       0x7c SEGGER/Config/SEGGER_SYSVIEW_Config_FreeRTOS.o
 .comment       0x000000000000007b       0x7c SEGGER/OS/SEGGER_SYSVIEW_FreeRTOS.o
 .comment       0x000000000000007b       0x7c SEGGER/SEGGER/SEGGER_RTT.o
 .comment       0x000000000000007b       0x7c SEGGER/SEGGER/SEGGER_SYSVIEW.o
 .comment       0x000000000000007b       0x7c StdPeriph_Driver/src/stm32f4xx_gpio.o
 .comment       0x000000000000007b       0x7c StdPeriph_Driver/src/stm32f4xx_rcc.o
 .comment       0x000000000000007b       0x7c StdPeriph_Driver/src/stm32f4xx_rtc.o
 .comment       0x000000000000007b       0x7c StdPeriph_Driver/src/stm32f4xx_usart.o
 .comment       0x000000000000007b       0x7c src/main.o
 .comment       0x000000000000007b       0x7c src/syscalls.o
 .comment       0x000000000000007b       0x7c src/system_stm32f4xx.o

.debug_frame    0x0000000000000000     0x4a04
 .debug_frame   0x0000000000000000       0xd8 FreeRTOS/org/Source/list.o
 .debug_frame   0x00000000000000d8      0x544 FreeRTOS/org/Source/queue.o
 .debug_frame   0x000000000000061c      0x8fc FreeRTOS/org/Source/tasks.o
 .debug_frame   0x0000000000000f18      0x38c FreeRTOS/org/Source/timers.o
 .debug_frame   0x00000000000012a4      0x1a8 FreeRTOS/org/Source/portable/GCC/ARM_CM4F/port.o
 .debug_frame   0x000000000000144c      0x12c FreeRTOS/org/Source/portable/MemMang/heap_4.o
 .debug_frame   0x0000000000001578       0x48 SEGGER/Config/SEGGER_SYSVIEW_Config_FreeRTOS.o
 .debug_frame   0x00000000000015c0      0x100 SEGGER/OS/SEGGER_SYSVIEW_FreeRTOS.o
 .debug_frame   0x00000000000016c0      0x530 SEGGER/SEGGER/SEGGER_RTT.o
 .debug_frame   0x0000000000001bf0      0xbc4 SEGGER/SEGGER/SEGGER_SYSVIEW.o
 .debug_frame   0x00000000000027b4      0x23c StdPeriph_Driver/src/stm32f4xx_gpio.o
 .debug_frame   0x00000000000029f0      0x83c StdPeriph_Driver/src/stm32f4xx_rcc.o
 .debug_frame   0x000000000000322c      0x8b0 StdPeriph_Driver/src/stm32f4xx_rtc.o
 .debug_frame   0x0000000000003adc      0x490 StdPeriph_Driver/src/stm32f4xx_usart.o
 .debug_frame   0x0000000000003f6c      0x390 src/main.o
 .debug_frame   0x00000000000042fc      0x2d0 src/syscalls.o
 .debug_frame   0x00000000000045cc       0x7c src/system_stm32f4xx.o
 .debug_frame   0x0000000000004648       0x20 /opt/st/stm32cubeide_1.3.0_2/plugins/com.st.stm32cube.ide.mcu.externaltools.gnu-tools-for-stm32.7-2018-q2-update.linux64_1.0.0.201904181610/tools/bin/../lib/gcc/arm-none-eabi/7.3.1/../../../../arm-none-eabi/lib/thumb/v7e-m/fpv4-sp/hard/libc_nano.a(lib_a-errno.o)
 .debug_frame   0x0000000000004668       0x2c /opt/st/stm32cubeide_1.3.0_2/plugins/com.st.stm32cube.ide.mcu.externaltools.gnu-tools-for-stm32.7-2018-q2-update.linux64_1.0.0.201904181610/tools/bin/../lib/gcc/arm-none-eabi/7.3.1/../../../../arm-none-eabi/lib/thumb/v7e-m/fpv4-sp/hard/libc_nano.a(lib_a-init.o)
 .debug_frame   0x0000000000004694       0x2c /opt/st/stm32cubeide_1.3.0_2/plugins/com.st.stm32cube.ide.mcu.externaltools.gnu-tools-for-stm32.7-2018-q2-update.linux64_1.0.0.201904181610/tools/bin/../lib/gcc/arm-none-eabi/7.3.1/../../../../arm-none-eabi/lib/thumb/v7e-m/fpv4-sp/hard/libc_nano.a(lib_a-memcmp.o)
 .debug_frame   0x00000000000046c0       0x28 /opt/st/stm32cubeide_1.3.0_2/plugins/com.st.stm32cube.ide.mcu.externaltools.gnu-tools-for-stm32.7-2018-q2-update.linux64_1.0.0.201904181610/tools/bin/../lib/gcc/arm-none-eabi/7.3.1/../../../../arm-none-eabi/lib/thumb/v7e-m/fpv4-sp/hard/libc_nano.a(lib_a-memcpy-stub.o)
 .debug_frame   0x00000000000046e8       0x20 /opt/st/stm32cubeide_1.3.0_2/plugins/com.st.stm32cube.ide.mcu.externaltools.gnu-tools-for-stm32.7-2018-q2-update.linux64_1.0.0.201904181610/tools/bin/../lib/gcc/arm-none-eabi/7.3.1/../../../../arm-none-eabi/lib/thumb/v7e-m/fpv4-sp/hard/libc_nano.a(lib_a-memset.o)