Archive member included to satisfy reference by file (symbol)

/opt/st/stm32cubeide_1.3.0_2/plugins/com.st.stm32cube.ide.mcu.externaltools.gnu-tools-for-stm32.7-2018-q2-update.linux64_1.0.0.201904181610/tools/bin/../lib/gcc/arm-none-eabi/7.3.1/../../../../arm-none-eabi/lib/thumb/v7e-m/fpv4-sp/hard/libc_nano.a(lib_a-errno.o)
                              src/syscalls.o (__errno)
/opt/st/stm32cubeide_1.3.0_2/plugins/com.st.stm32cube.ide.mcu.externaltools.gnu-tools-for-stm32.7-2018-q2-update.linux64_1.0.0.201904181610/tools/bin/../lib/gcc/arm-none-eabi/7.3.1/../../../../arm-none-eabi/lib/thumb/v7e-m/fpv4-sp/hard/libc_nano.a(lib_a-exit.o)
                              /opt/st/stm32cubeide_1.3.0_2/plugins/com.st.stm32cube.ide.mcu.externaltools.gnu-tools-for-stm32.7-2018-q2-update.linux64_1.0.0.201904181610/tools/bin/../lib/gcc/arm-none-eabi/7.3.1/../../../../arm-none-eabi/lib/thumb/v7e-m/fpv4-sp/hard/crt0.o (exit)
/opt/st/stm32cubeide_1.3.0_2/plugins/com.st.stm32cube.ide.mcu.externaltools.gnu-tools-for-stm32.7-2018-q2-update.linux64_1.0.0.201904181610/tools/bin/../lib/gcc/arm-none-eabi/7.3.1/../../../../arm-none-eabi/lib/thumb/v7e-m/fpv4-sp/hard/libc_nano.a(lib_a-impure.o)
                              /opt/st/stm32cubeide_1.3.0_2/plugins/com.st.stm32cube.ide.mcu.externaltools.gnu-tools-for-stm32.7-2018-q2-update.linux64_1.0.0.201904181610/tools/bin/../lib/gcc/arm-none-eabi/7.3.1/../../../../arm-none-eabi/lib/thumb/v7e-m/fpv4-sp/hard/libc_nano.a(lib_a-exit.o) (_global_impure_ptr)
/opt/st/stm32cubeide_1.3.0_2/plugins/com.st.stm32cube.ide.mcu.externaltools.gnu-tools-for-stm32.7-2018-q2-update.linux64_1.0.0.201904181610/tools/bin/../lib/gcc/arm-none-eabi/7.3.1/../../../../arm-none-eabi/lib/thumb/v7e-m/fpv4-sp/hard/libc_nano.a(lib_a-init.o)
                              /opt/st/stm32cubeide_1.3.0_2/plugins/com.st.stm32cube.ide.mcu.externaltools.gnu-tools-for-stm32.7-2018-q2-update.linux64_1.0.0.201904181610/tools/bin/../lib/gcc/arm-none-eabi/7.3.1/../../../../arm-none-eabi/lib/thumb/v7e-m/fpv4-sp/hard/crt0.o (__libc_init_array)
/opt/st/stm32cubeide_1.3.0_2/plugins/com.st.stm32cube.ide.mcu.externaltools.gnu-tools-for-stm32.7-2018-q2-update.linux64_1.0.0.201904181610/tools/bin/../lib/gcc/arm-none-eabi/7.3.1/../../../../arm-none-eabi/lib/thumb/v7e-m/fpv4-sp/hard/libc_nano.a(lib_a-memcpy-stub.o)
                              FreeRTOS/Source/queue.o (memcpy)
/opt/st/stm32cubeide_1.3.0_2/plugins/com.st.stm32cube.ide.mcu.externaltools.gnu-tools-for-stm32.7-2018-q2-update.linux64_1.0.0.201904181610/tools/bin/../lib/gcc/arm-none-eabi/7.3.1/../../../../arm-none-eabi/lib/thumb/v7e-m/fpv4-sp/hard/libc_nano.a(lib_a-memset.o)
                              /opt/st/stm32cubeide_1.3.0_2/plugins/com.st.stm32cube.ide.mcu.externaltools.gnu-tools-for-stm32.7-2018-q2-update.linux64_1.0.0.201904181610/tools/bin/../lib/gcc/arm-none-eabi/7.3.1/../../../../arm-none-eabi/lib/thumb/v7e-m/fpv4-sp/hard/crt0.o (memset)

Allocating common symbols
Common symbol       size              file

xQueueRegistry      0x40              FreeRTOS/Source/queue.o

Discarded input sections

 .text          0x0000000000000000        0x0 /opt/st/stm32cubeide_1.3.0_2/plugins/com.st.stm32cube.ide.mcu.externaltools.gnu-tools-for-stm32.7-2018-q2-update.linux64_1.0.0.201904181610/tools/bin/../lib/gcc/arm-none-eabi/7.3.1/thumb/v7e-m/fpv4-sp/hard/crti.o
 .data          0x0000000000000000        0x0 /opt/st/stm32cubeide_1.3.0_2/plugins/com.st.stm32cube.ide.mcu.externaltools.gnu-tools-for-stm32.7-2018-q2-update.linux64_1.0.0.201904181610/tools/bin/../lib/gcc/arm-none-eabi/7.3.1/thumb/v7e-m/fpv4-sp/hard/crti.o
 .bss           0x0000000000000000        0x0 /opt/st/stm32cubeide_1.3.0_2/plugins/com.st.stm32cube.ide.mcu.externaltools.gnu-tools-for-stm32.7-2018-q2-update.linux64_1.0.0.201904181610/tools/bin/../lib/gcc/arm-none-eabi/7.3.1/thumb/v7e-m/fpv4-sp/hard/crti.o
 .data          0x0000000000000000        0x4 /opt/st/stm32cubeide_1.3.0_2/plugins/com.st.stm32cube.ide.mcu.externaltools.gnu-tools-for-stm32.7-2018-q2-update.linux64_1.0.0.201904181610/tools/bin/../lib/gcc/arm-none-eabi/7.3.1/thumb/v7e-m/fpv4-sp/hard/crtbegin.o
 .text          0x0000000000000000       0x74 /opt/st/stm32cubeide_1.3.0_2/plugins/com.st.stm32cube.ide.mcu.externaltools.gnu-tools-for-stm32.7-2018-q2-update.linux64_1.0.0.201904181610/tools/bin/../lib/gcc/arm-none-eabi/7.3.1/../../../../arm-none-eabi/lib/thumb/v7e-m/fpv4-sp/hard/crt0.o
 .data          0x0000000000000000        0x0 /opt/st/stm32cubeide_1.3.0_2/plugins/com.st.stm32cube.ide.mcu.externaltools.gnu-tools-for-stm32.7-2018-q2-update.linux64_1.0.0.201904181610/tools/bin/../lib/gcc/arm-none-eabi/7.3.1/../../../../arm-none-eabi/lib/thumb/v7e-m/fpv4-sp/hard/crt0.o
 .bss           0x0000000000000000        0x0 /opt/st/stm32cubeide_1.3.0_2/plugins/com.st.stm32cube.ide.mcu.externaltools.gnu-tools-for-stm32.7-2018-q2-update.linux64_1.0.0.201904181610/tools/bin/../lib/gcc/arm-none-eabi/7.3.1/../../../../arm-none-eabi/lib/thumb/v7e-m/fpv4-sp/hard/crt0.o
[...]
Memory Configuration

Name             Origin             Length             Attributes
RAM              0x0000000020000000 0x0000000000020000 xrw
ROM              0x0000000008000000 0x0000000000100000 xr
*default*        0x0000000000000000 0xffffffffffffffff

Linker script and memory map

LOAD /opt/st/stm32cubeide_1.3.0_2/plugins/com.st.stm32cube.ide.mcu.externaltools.gnu-tools-for-stm32.7-2018-q2-update.linux64_1.0.0.201904181610/tools/bin/../lib/gcc/arm-none-eabi/7.3.1/thumb/v7e-m/fpv4-sp/hard/crti.o
LOAD /opt/st/stm32cubeide_1.3.0_2/plugins/com.st.stm32cube.ide.mcu.externaltools.gnu-tools-for-stm32.7-2018-q2-update.linux64_1.0.0.201904181610/tools/bin/../lib/gcc/arm-none-eabi/7.3.1/thumb/v7e-m/fpv4-sp/hard/crtbegin.o
LOAD /opt/st/stm32cubeide_1.3.0_2/plugins/com.st.stm32cube.ide.mcu.externaltools.gnu-tools-for-stm32.7-2018-q2-update.linux64_1.0.0.201904181610/tools/bin/../lib/gcc/arm-none-eabi/7.3.1/../../../../arm-none-eabi/lib/thumb/v7e-m/fpv4-sp/hard/crt0.o
LOAD FreeRTOS/Source/croutine.o
LOAD FreeRTOS/Source/event_groups.o
LOAD FreeRTOS/Source/list.o
LOAD FreeRTOS/Source/queue.o
LOAD FreeRTOS/Source/stream_buffer.o
LOAD FreeRTOS/Source/tasks.o
LOAD FreeRTOS/Source/timers.o
LOAD FreeRTOS/Source/portable/GCC/ARM_CM4F/port.o
LOAD FreeRTOS/Source/portable/MemMang/heap_4.o
LOAD StdPeriph_Driver/src/misc.o
LOAD StdPeriph_Driver/src/stm32f4xx_adc.o
LOAD StdPeriph_Driver/src/stm32f4xx_can.o
LOAD StdPeriph_Driver/src/stm32f4xx_cec.o
LOAD StdPeriph_Driver/src/stm32f4xx_crc.o
LOAD StdPeriph_Driver/src/stm32f4xx_cryp.o
LOAD StdPeriph_Driver/src/stm32f4xx_cryp_aes.o
LOAD StdPeriph_Driver/src/stm32f4xx_cryp_des.o
LOAD StdPeriph_Driver/src/stm32f4xx_cryp_tdes.o
LOAD StdPeriph_Driver/src/stm32f4xx_dac.o
LOAD StdPeriph_Driver/src/stm32f4xx_dbgmcu.o
LOAD StdPeriph_Driver/src/stm32f4xx_dcmi.o
LOAD StdPeriph_Driver/src/stm32f4xx_dfsdm.o
LOAD StdPeriph_Driver/src/stm32f4xx_dma.o
LOAD StdPeriph_Driver/src/stm32f4xx_dma2d.o
LOAD StdPeriph_Driver/src/stm32f4xx_dsi.o
LOAD StdPeriph_Driver/src/stm32f4xx_exti.o
LOAD StdPeriph_Driver/src/stm32f4xx_flash.o
LOAD StdPeriph_Driver/src/stm32f4xx_flash_ramfunc.o
LOAD StdPeriph_Driver/src/stm32f4xx_fmc.o
LOAD StdPeriph_Driver/src/stm32f4xx_fmip2c.o
LOAD StdPeriph_Driver/src/stm32f4xx_fsmc.o
LOAD StdPeriph_Driver/src/stm32f4xx_gpio.o
LOAD StdPeriph_Driver/src/stm32f4xx_hash.o
LOAD StdPeriph_Driver/src/stm32f4xx_hash_md5.o
LOAD StdPeriph_Driver/src/stm32f4xx_hash_sha1.o
LOAD StdPeriph_Driver/src/stm32f4xx_i2c.o
LOAD StdPeriph_Driver/src/stm32f4xx_iwdg.o
LOAD StdPeriph_Driver/src/stm32f4xx_lptim.o
LOAD StdPeriph_Driver/src/stm32f4xx_ltdc.o
LOAD StdPeriph_Driver/src/stm32f4xx_pwr.o
LOAD StdPeriph_Driver/src/stm32f4xx_qspi.o
LOAD StdPeriph_Driver/src/stm32f4xx_rcc.o
LOAD StdPeriph_Driver/src/stm32f4xx_rng.o
LOAD StdPeriph_Driver/src/stm32f4xx_rtc.o
LOAD StdPeriph_Driver/src/stm32f4xx_sai.o
LOAD StdPeriph_Driver/src/stm32f4xx_sdio.o
LOAD StdPeriph_Driver/src/stm32f4xx_spdifrx.o
LOAD StdPeriph_Driver/src/stm32f4xx_spi.o
LOAD StdPeriph_Driver/src/stm32f4xx_syscfg.o
LOAD StdPeriph_Driver/src/stm32f4xx_tim.o
LOAD StdPeriph_Driver/src/stm32f4xx_usart.o
LOAD StdPeriph_Driver/src/stm32f4xx_wwdg.o
LOAD src/main.o
LOAD src/syscalls.o
LOAD src/system_stm32f4xx.o
LOAD startup/startup_stm32.o
START GROUP
LOAD /opt/st/stm32cubeide_1.3.0_2/plugins/com.st.stm32cube.ide.mcu.externaltools.gnu-tools-for-stm32.7-2018-q2-update.linux64_1.0.0.201904181610/tools/bin/../lib/gcc/arm-none-eabi/7.3.1/../../../../arm-none-eabi/lib/thumb/v7e-m/fpv4-sp/hard/libc_nano.a
LOAD /opt/st/stm32cubeide_1.3.0_2/plugins/com.st.stm32cube.ide.mcu.externaltools.gnu-tools-for-stm32.7-2018-q2-update.linux64_1.0.0.201904181610/tools/bin/../lib/gcc/arm-none-eabi/7.3.1/../../../../arm-none-eabi/lib/thumb/v7e-m/fpv4-sp/hard/libm.a
END GROUP
START GROUP
LOAD /opt/st/stm32cubeide_1.3.0_2/plugins/com.st.stm32cube.ide.mcu.externaltools.gnu-tools-for-stm32.7-2018-q2-update.linux64_1.0.0.201904181610/tools/bin/../lib/gcc/arm-none-eabi/7.3.1/thumb/v7e-m/fpv4-sp/hard/libgcc.a
LOAD /opt/st/stm32cubeide_1.3.0_2/plugins/com.st.stm32cube.ide.mcu.externaltools.gnu-tools-for-stm32.7-2018-q2-update.linux64_1.0.0.201904181610/tools/bin/../lib/gcc/arm-none-eabi/7.3.1/../../../../arm-none-eabi/lib/thumb/v7e-m/fpv4-sp/hard/libc_nano.a
END GROUP
START GROUP
LOAD /opt/st/stm32cubeide_1.3.0_2/plugins/com.st.stm32cube.ide.mcu.externaltools.gnu-tools-for-stm32.7-2018-q2-update.linux64_1.0.0.201904181610/tools/bin/../lib/gcc/arm-none-eabi/7.3.1/thumb/v7e-m/fpv4-sp/hard/libgcc.a
LOAD /opt/st/stm32cubeide_1.3.0_2/plugins/com.st.stm32cube.ide.mcu.externaltools.gnu-tools-for-stm32.7-2018-q2-update.linux64_1.0.0.201904181610/tools/bin/../lib/gcc/arm-none-eabi/7.3.1/../../../../arm-none-eabi/lib/thumb/v7e-m/fpv4-sp/hard/libc_nano.a
LOAD /opt/st/stm32cubeide_1.3.0_2/plugins/com.st.stm32cube.ide.mcu.externaltools.gnu-tools-for-stm32.7-2018-q2-update.linux64_1.0.0.201904181610/tools/bin/../lib/gcc/arm-none-eabi/7.3.1/../../../../arm-none-eabi/lib/thumb/v7e-m/fpv4-sp/hard/libnosys.a
END GROUP
START GROUP
LOAD /opt/st/stm32cubeide_1.3.0_2/plugins/com.st.stm32cube.ide.mcu.externaltools.gnu-tools-for-stm32.7-2018-q2-update.linux64_1.0.0.201904181610/tools/bin/../lib/gcc/arm-none-eabi/7.3.1/thumb/v7e-m/fpv4-sp/hard/libgcc.a
LOAD /opt/st/stm32cubeide_1.3.0_2/plugins/com.st.stm32cube.ide.mcu.externaltools.gnu-tools-for-stm32.7-2018-q2-update.linux64_1.0.0.201904181610/tools/bin/../lib/gcc/arm-none-eabi/7.3.1/../../../../arm-none-eabi/lib/thumb/v7e-m/fpv4-sp/hard/libc_nano.a
LOAD /opt/st/stm32cubeide_1.3.0_2/plugins/com.st.stm32cube.ide.mcu.externaltools.gnu-tools-for-stm32.7-2018-q2-update.linux64_1.0.0.201904181610/tools/bin/../lib/gcc/arm-none-eabi/7.3.1/../../../../arm-none-eabi/lib/thumb/v7e-m/fpv4-sp/hard/libnosys.a
END GROUP
LOAD /opt/st/stm32cubeide_1.3.0_2/plugins/com.st.stm32cube.ide.mcu.externaltools.gnu-tools-for-stm32.7-2018-q2-update.linux64_1.0.0.201904181610/tools/bin/../lib/gcc/arm-none-eabi/7.3.1/thumb/v7e-m/fpv4-sp/hard/crtend.o
LOAD /opt/st/stm32cubeide_1.3.0_2/plugins/com.st.stm32cube.ide.mcu.externaltools.gnu-tools-for-stm32.7-2018-q2-update.linux64_1.0.0.201904181610/tools/bin/../lib/gcc/arm-none-eabi/7.3.1/thumb/v7e-m/fpv4-sp/hard/crtn.o
                0x0000000020020000                _estack = (ORIGIN (RAM) + LENGTH (RAM))
                0x0000000000000200                _Min_Heap_Size = 0x200
                0x0000000000000400                _Min_Stack_Size = 0x400

.isr_vector     0x0000000008000000      0x1c4
                0x0000000008000000                . = ALIGN (0x4)
 *(.isr_vector)
 .isr_vector    0x0000000008000000      0x1c4 startup/startup_stm32.o
                0x0000000008000000                g_pfnVectors
                0x00000000080001c4                . = ALIGN (0x4)

.text           0x00000000080001d0      0x638
                0x00000000080001d0                . = ALIGN (0x4)
 *(.text)
 .text          0x00000000080001d0       0x40 /opt/st/stm32cubeide_1.3.0_2/plugins/com.st.stm32cube.ide.mcu.externaltools.gnu-tools-for-stm32.7-2018-q2-update.linux64_1.0.0.201904181610/tools/bin/../lib/gcc/arm-none-eabi/7.3.1/thumb/v7e-m/fpv4-sp/hard/crtbegin.o
 *(.text*)
 .text.vListInsertEnd
                0x0000000008000210       0x48 FreeRTOS/Source/list.o
                0x0000000008000210                vListInsertEnd
 .text.uxListRemove
                0x0000000008000258       0x54 FreeRTOS/Source/list.o
                0x0000000008000258                uxListRemove
 .text.xTaskIncrementTick
                0x00000000080002ac      0x170 FreeRTOS/Source/tasks.o
                0x00000000080002ac                xTaskIncrementTick
 .text.vTaskSwitchContext
                0x000000000800041c       0xb4 FreeRTOS/Source/tasks.o
                0x000000000800041c                vTaskSwitchContext
 .text.prvResetNextTaskUnblockTime
                0x00000000080004d0       0x38 FreeRTOS/Source/tasks.o
 *fill*         0x0000000008000508        0x8 
 .text.SVC_Handler
                0x0000000008000510       0x28 FreeRTOS/Source/portable/GCC/ARM_CM4F/port.o
                0x0000000008000510                SVC_Handler
 *fill*         0x0000000008000538        0x8 
 .text.PendSV_Handler
                0x0000000008000540       0x68 FreeRTOS/Source/portable/GCC/ARM_CM4F/port.o
                0x0000000008000540                PendSV_Handler
 .text.SysTick_Handler
                0x00000000080005a8       0x40 FreeRTOS/Source/portable/GCC/ARM_CM4F/port.o
                0x00000000080005a8                SysTick_Handler
 .text.main     0x00000000080005e8        0x6 src/main.o
                0x00000000080005e8                main
 *fill*         0x00000000080005ee        0x2 
 .text.SystemInit
                0x00000000080005f0       0x6c src/system_stm32f4xx.o
                0x00000000080005f0                SystemInit
 .text.SetSysClock
                0x000000000800065c       0xf8 src/system_stm32f4xx.o
 .text.Reset_Handler
                0x0000000008000754       0x50 startup/startup_stm32.o
                0x0000000008000754                Reset_Handler
 .text.Default_Handler
                0x00000000080007a4        0x2 startup/startup_stm32.o
                0x00000000080007a4                RTC_Alarm_IRQHandler
                0x00000000080007a4                EXTI2_IRQHandler
                0x00000000080007a4                TIM8_CC_IRQHandler
                0x00000000080007a4                SPDIF_Rx_IRQHandler
                0x00000000080007a4                DebugMon_Handler
                0x00000000080007a4                SPI4_IRQHandler
                0x00000000080007a4                TIM1_CC_IRQHandler
                0x00000000080007a4                QuadSPI_IRQHandler
                0x00000000080007a4                DMA2_Stream5_IRQHandler
                0x00000000080007a4                HardFault_Handler
                0x00000000080007a4                DMA1_Stream5_IRQHandler
                0x00000000080007a4                PVD_IRQHandler
                0x00000000080007a4                SDIO_IRQHandler
                0x00000000080007a4                TAMP_STAMP_IRQHandler
                0x00000000080007a4                NMI_Handler
                0x00000000080007a4                CAN2_RX1_IRQHandler
                0x00000000080007a4                EXTI3_IRQHandler
                0x00000000080007a4                TIM8_TRG_COM_TIM14_IRQHandler
                0x00000000080007a4                TIM1_UP_TIM10_IRQHandler
                0x00000000080007a4                FMPI2C1_error_IRQHandler
                0x00000000080007a4                TIM8_UP_TIM13_IRQHandler
                0x00000000080007a4                I2C3_ER_IRQHandler
                0x00000000080007a4                EXTI0_IRQHandler
                0x00000000080007a4                I2C2_EV_IRQHandler
                0x00000000080007a4                DMA1_Stream2_IRQHandler
                0x00000000080007a4                CAN1_RX0_IRQHandler
                0x00000000080007a4                FPU_IRQHandler
                0x00000000080007a4                OTG_HS_WKUP_IRQHandler
                0x00000000080007a4                UsageFault_Handler
                0x00000000080007a4                CAN2_SCE_IRQHandler
                0x00000000080007a4                DMA2_Stream2_IRQHandler
                0x00000000080007a4                SPI1_IRQHandler
                0x00000000080007a4                TIM6_DAC_IRQHandler
                0x00000000080007a4                TIM1_BRK_TIM9_IRQHandler
                0x00000000080007a4                DCMI_IRQHandler
                0x00000000080007a4                CAN2_RX0_IRQHandler
                0x00000000080007a4                DMA2_Stream3_IRQHandler
                0x00000000080007a4                FMPI2C1_IRQHandler
                0x00000000080007a4                SAI2_IRQHandler
                0x00000000080007a4                USART6_IRQHandler
                0x00000000080007a4                USART3_IRQHandler
                0x00000000080007a4                CAN1_RX1_IRQHandler
                0x00000000080007a4                UART5_IRQHandler
                0x00000000080007a4                DMA2_Stream0_IRQHandler
                0x00000000080007a4                TIM4_IRQHandler
                0x00000000080007a4                I2C1_EV_IRQHandler
                0x00000000080007a4                HDMI_CEC_IRQHandler
                0x00000000080007a4                DMA1_Stream6_IRQHandler
                0x00000000080007a4                DMA1_Stream1_IRQHandler
                0x00000000080007a4                UART4_IRQHandler
                0x00000000080007a4                TIM3_IRQHandler
                0x00000000080007a4                RCC_IRQHandler
                0x00000000080007a4                TIM8_BRK_TIM12_IRQHandler
                0x00000000080007a4                Default_Handler
                0x00000000080007a4                EXTI15_10_IRQHandler
                0x00000000080007a4                ADC_IRQHandler
                0x00000000080007a4                DMA1_Stream7_IRQHandler
                0x00000000080007a4                TIM7_IRQHandler
                0x00000000080007a4                CAN2_TX_IRQHandler
                0x00000000080007a4                TIM5_IRQHandler
                0x00000000080007a4                DMA2_Stream7_IRQHandler
                0x00000000080007a4                I2C3_EV_IRQHandler
                0x00000000080007a4                EXTI9_5_IRQHandler
                0x00000000080007a4                RTC_WKUP_IRQHandler
                0x00000000080007a4                SPI2_IRQHandler
                0x00000000080007a4                OTG_HS_EP1_IN_IRQHandler
                0x00000000080007a4                MemManage_Handler
                0x00000000080007a4                DMA1_Stream0_IRQHandler
                0x00000000080007a4                CAN1_TX_IRQHandler
                0x00000000080007a4                EXTI4_IRQHandler
                0x00000000080007a4                OTG_HS_EP1_OUT_IRQHandler
                0x00000000080007a4                WWDG_IRQHandler
                0x00000000080007a4                TIM2_IRQHandler
                0x00000000080007a4                OTG_FS_WKUP_IRQHandler
                0x00000000080007a4                TIM1_TRG_COM_TIM11_IRQHandler
                0x00000000080007a4                OTG_HS_IRQHandler
                0x00000000080007a4                EXTI1_IRQHandler
                0x00000000080007a4                USART2_IRQHandler
                0x00000000080007a4                I2C2_ER_IRQHandler
                0x00000000080007a4                DMA2_Stream1_IRQHandler
                0x00000000080007a4                CAN1_SCE_IRQHandler
                0x00000000080007a4                FLASH_IRQHandler
                0x00000000080007a4                DMA2_Stream4_IRQHandler
                0x00000000080007a4                BusFault_Handler
                0x00000000080007a4                USART1_IRQHandler
                0x00000000080007a4                OTG_FS_IRQHandler
                0x00000000080007a4                SPI3_IRQHandler
                0x00000000080007a4                DMA1_Stream4_IRQHandler
                0x00000000080007a4                I2C1_ER_IRQHandler
                0x00000000080007a4                FMC_IRQHandler
                0x00000000080007a4                DMA2_Stream6_IRQHandler
                0x00000000080007a4                SAI1_IRQHandler
                0x00000000080007a4                DMA1_Stream3_IRQHandler
 *fill*         0x00000000080007a6        0x2 
 .text.__libc_init_array
                0x00000000080007a8       0x48 /opt/st/stm32cubeide_1.3.0_2/plugins/com.st.stm32cube.ide.mcu.externaltools.gnu-tools-for-stm32.7-2018-q2-update.linux64_1.0.0.201904181610/tools/bin/../lib/gcc/arm-none-eabi/7.3.1/../../../../arm-none-eabi/lib/thumb/v7e-m/fpv4-sp/hard/libc_nano.a(lib_a-init.o)
                0x00000000080007a8                __libc_init_array
 *(.glue_7)
 .glue_7        0x00000000080007f0        0x0 linker stubs
 *(.glue_7t)
 .glue_7t       0x00000000080007f0        0x0 linker stubs
 *(.eh_frame)
 .eh_frame      0x00000000080007f0        0x0 /opt/st/stm32cubeide_1.3.0_2/plugins/com.st.stm32cube.ide.mcu.externaltools.gnu-tools-for-stm32.7-2018-q2-update.linux64_1.0.0.201904181610/tools/bin/../lib/gcc/arm-none-eabi/7.3.1/thumb/v7e-m/fpv4-sp/hard/crtbegin.o
 *(.init)
 .init          0x00000000080007f0        0x4 /opt/st/stm32cubeide_1.3.0_2/plugins/com.st.stm32cube.ide.mcu.externaltools.gnu-tools-for-stm32.7-2018-q2-update.linux64_1.0.0.201904181610/tools/bin/../lib/gcc/arm-none-eabi/7.3.1/thumb/v7e-m/fpv4-sp/hard/crti.o
                0x00000000080007f0                _init
 .init          0x00000000080007f4        0x8 /opt/st/stm32cubeide_1.3.0_2/plugins/com.st.stm32cube.ide.mcu.externaltools.gnu-tools-for-stm32.7-2018-q2-update.linux64_1.0.0.201904181610/tools/bin/../lib/gcc/arm-none-eabi/7.3.1/thumb/v7e-m/fpv4-sp/hard/crtn.o
 *(.fini)
 .fini          0x00000000080007fc        0x4 /opt/st/stm32cubeide_1.3.0_2/plugins/com.st.stm32cube.ide.mcu.externaltools.gnu-tools-for-stm32.7-2018-q2-update.linux64_1.0.0.201904181610/tools/bin/../lib/gcc/arm-none-eabi/7.3.1/thumb/v7e-m/fpv4-sp/hard/crti.o
                0x00000000080007fc                _fini
 .fini          0x0000000008000800        0x8 /opt/st/stm32cubeide_1.3.0_2/plugins/com.st.stm32cube.ide.mcu.externaltools.gnu-tools-for-stm32.7-2018-q2-update.linux64_1.0.0.201904181610/tools/bin/../lib/gcc/arm-none-eabi/7.3.1/thumb/v7e-m/fpv4-sp/hard/crtn.o
                0x0000000008000808                . = ALIGN (0x4)
                0x0000000008000808                _etext = .

.vfp11_veneer   0x0000000008000808        0x0
 .vfp11_veneer  0x0000000008000808        0x0 linker stubs

.v4_bx          0x0000000008000808        0x0
 .v4_bx         0x0000000008000808        0x0 linker stubs

.iplt           0x0000000008000808        0x0
 .iplt          0x0000000008000808        0x0 /opt/st/stm32cubeide_1.3.0_2/plugins/com.st.stm32cube.ide.mcu.externaltools.gnu-tools-for-stm32.7-2018-q2-update.linux64_1.0.0.201904181610/tools/bin/../lib/gcc/arm-none-eabi/7.3.1/thumb/v7e-m/fpv4-sp/hard/crtbegin.o

.rel.dyn        0x0000000008000808        0x0
 .rel.iplt      0x0000000008000808        0x0 /opt/st/stm32cubeide_1.3.0_2/plugins/com.st.stm32cube.ide.mcu.externaltools.gnu-tools-for-stm32.7-2018-q2-update.linux64_1.0.0.201904181610/tools/bin/../lib/gcc/arm-none-eabi/7.3.1/thumb/v7e-m/fpv4-sp/hard/crtbegin.o

.rodata         0x0000000008000808        0x0
                0x0000000008000808                . = ALIGN (0x4)
 *(.rodata)
 *(.rodata*)
                0x0000000008000808                . = ALIGN (0x4)

.ARM.extab      0x0000000008000808        0x0
                0x0000000008000808                . = ALIGN (0x4)
 *(.ARM.extab* .gnu.linkonce.armextab.*)
                0x0000000008000808                . = ALIGN (0x4)

.ARM            0x0000000008000808        0x0
                0x0000000008000808                . = ALIGN (0x4)
                0x0000000008000808                __exidx_start = .
 *(.ARM.exidx*)
                0x0000000008000808                __exidx_end = .
                0x0000000008000808                . = ALIGN (0x4)

.preinit_array  0x0000000008000808        0x0
                0x0000000008000808                . = ALIGN (0x4)
                0x0000000008000808                PROVIDE (__preinit_array_start = .)
 *(.preinit_array*)
                0x0000000008000808                PROVIDE (__preinit_array_end = .)
                0x0000000008000808                . = ALIGN (0x4)

.init_array     0x0000000008000808        0x4
                0x0000000008000808                . = ALIGN (0x4)
                0x0000000008000808                PROVIDE (__init_array_start = .)
 *(SORT_BY_NAME(.init_array.*))
 *(.init_array*)
 .init_array    0x0000000008000808        0x4 /opt/st/stm32cubeide_1.3.0_2/plugins/com.st.stm32cube.ide.mcu.externaltools.gnu-tools-for-stm32.7-2018-q2-update.linux64_1.0.0.201904181610/tools/bin/../lib/gcc/arm-none-eabi/7.3.1/thumb/v7e-m/fpv4-sp/hard/crtbegin.o
                0x000000000800080c                PROVIDE (__init_array_end = .)
                0x000000000800080c                . = ALIGN (0x4)

.fini_array     0x000000000800080c        0x4
                0x000000000800080c                . = ALIGN (0x4)
                [!provide]                        PROVIDE (__fini_array_start = .)
 *(SORT_BY_NAME(.fini_array.*))
 *(.fini_array*)
 .fini_array    0x000000000800080c        0x4 /opt/st/stm32cubeide_1.3.0_2/plugins/com.st.stm32cube.ide.mcu.externaltools.gnu-tools-for-stm32.7-2018-q2-update.linux64_1.0.0.201904181610/tools/bin/../lib/gcc/arm-none-eabi/7.3.1/thumb/v7e-m/fpv4-sp/hard/crtbegin.o
                [!provide]                        PROVIDE (__fini_array_end = .)
                0x0000000008000810                . = ALIGN (0x4)
                0x0000000008000810                _sidata = LOADADDR (.data)

.data           0x0000000020000000        0x0 load address 0x0000000008000810
                0x0000000020000000                . = ALIGN (0x4)
                0x0000000020000000                _sdata = .
 *(.data)
 *(.data*)
                0x0000000020000000                . = ALIGN (0x4)
                0x0000000020000000                _edata = .

.igot.plt       0x0000000020000000        0x0 load address 0x0000000008000810
 .igot.plt      0x0000000020000000        0x0 /opt/st/stm32cubeide_1.3.0_2/plugins/com.st.stm32cube.ide.mcu.externaltools.gnu-tools-for-stm32.7-2018-q2-update.linux64_1.0.0.201904181610/tools/bin/../lib/gcc/arm-none-eabi/7.3.1/thumb/v7e-m/fpv4-sp/hard/crtbegin.o
                0x0000000020000000                . = ALIGN (0x4)

.bss            0x0000000020000000       0xa8 load address 0x0000000008000810
                0x0000000020000000                _sbss = .
                0x0000000020000000                __bss_start__ = _sbss
 *(.bss)
 .bss           0x0000000020000000       0x1c /opt/st/stm32cubeide_1.3.0_2/plugins/com.st.stm32cube.ide.mcu.externaltools.gnu-tools-for-stm32.7-2018-q2-update.linux64_1.0.0.201904181610/tools/bin/../lib/gcc/arm-none-eabi/7.3.1/thumb/v7e-m/fpv4-sp/hard/crtbegin.o
 *(.bss*)
 .bss.pxCurrentTCB
                0x000000002000001c        0x4 FreeRTOS/Source/tasks.o
                0x000000002000001c                pxCurrentTCB
 .bss.pxReadyTasksLists
                0x0000000020000020       0x64 FreeRTOS/Source/tasks.o
 .bss.pxDelayedTaskList
                0x0000000020000084        0x4 FreeRTOS/Source/tasks.o
 .bss.pxOverflowDelayedTaskList
                0x0000000020000088        0x4 FreeRTOS/Source/tasks.o
 .bss.xTickCount
                0x000000002000008c        0x4 FreeRTOS/Source/tasks.o
 .bss.uxTopReadyPriority
                0x0000000020000090        0x4 FreeRTOS/Source/tasks.o
 .bss.xPendedTicks
                0x0000000020000094        0x4 FreeRTOS/Source/tasks.o
 .bss.xYieldPending
                0x0000000020000098        0x4 FreeRTOS/Source/tasks.o
 .bss.xNumOfOverflows
                0x000000002000009c        0x4 FreeRTOS/Source/tasks.o
 .bss.xNextTaskUnblockTime
                0x00000000200000a0        0x4 FreeRTOS/Source/tasks.o
 .bss.uxSchedulerSuspended
                0x00000000200000a4        0x4 FreeRTOS/Source/tasks.o
 *(COMMON)
                0x00000000200000a8                . = ALIGN (0x4)
                0x00000000200000a8                _ebss = .
                0x00000000200000a8                __bss_end__ = _ebss

._user_heap_stack
                0x00000000200000a8      0x600 load address 0x0000000008000810
                0x00000000200000a8                . = ALIGN (0x8)
                0x00000000200000a8                PROVIDE (end = .)
                [!provide]                        PROVIDE (_end = .)
                0x00000000200002a8                . = (. + _Min_Heap_Size)
 *fill*         0x00000000200000a8      0x200 
                0x00000000200006a8                . = (. + _Min_Stack_Size)
 *fill*         0x00000000200002a8      0x400 
                0x00000000200006a8                . = ALIGN (0x8)

/DISCARD/
 libc.a(*)
 libm.a(*)
 libgcc.a(*)

.ARM.attributes
                0x0000000000000000       0x30
 *(.ARM.attributes)
 .ARM.attributes
                0x0000000000000000       0x22 /opt/st/stm32cubeide_1.3.0_2/plugins/com.st.stm32cube.ide.mcu.externaltools.gnu-tools-for-stm32.7-2018-q2-update.linux64_1.0.0.201904181610/tools/bin/../lib/gcc/arm-none-eabi/7.3.1/thumb/v7e-m/fpv4-sp/hard/crti.o
 .ARM.attributes
                0x0000000000000022       0x34 /opt/st/stm32cubeide_1.3.0_2/plugins/com.st.stm32cube.ide.mcu.externaltools.gnu-tools-for-stm32.7-2018-q2-update.linux64_1.0.0.201904181610/tools/bin/../lib/gcc/arm-none-eabi/7.3.1/thumb/v7e-m/fpv4-sp/hard/crtbegin.o
 .ARM.attributes
                0x0000000000000056       0x39 FreeRTOS/Source/list.o
 .ARM.attributes
                0x000000000000008f       0x39 FreeRTOS/Source/tasks.o
 .ARM.attributes
                0x00000000000000c8       0x39 FreeRTOS/Source/portable/GCC/ARM_CM4F/port.o
 .ARM.attributes
                0x0000000000000101       0x39 src/main.o
 .ARM.attributes
                0x000000000000013a       0x39 src/system_stm32f4xx.o
 .ARM.attributes
                0x0000000000000173       0x21 startup/startup_stm32.o
 .ARM.attributes
                0x0000000000000194       0x34 /opt/st/stm32cubeide_1.3.0_2/plugins/com.st.stm32cube.ide.mcu.externaltools.gnu-tools-for-stm32.7-2018-q2-update.linux64_1.0.0.201904181610/tools/bin/../lib/gcc/arm-none-eabi/7.3.1/../../../../arm-none-eabi/lib/thumb/v7e-m/fpv4-sp/hard/libc_nano.a(lib_a-init.o)
 .ARM.attributes
                0x00000000000001c8       0x22 /opt/st/stm32cubeide_1.3.0_2/plugins/com.st.stm32cube.ide.mcu.externaltools.gnu-tools-for-stm32.7-2018-q2-update.linux64_1.0.0.201904181610/tools/bin/../lib/gcc/arm-none-eabi/7.3.1/thumb/v7e-m/fpv4-sp/hard/crtn.o
OUTPUT(FreeRTOS_STM32_Porting.elf elf32-littlearm)

.debug_info     0x0000000000000000     0x4064
 .debug_info    0x0000000000000000      0xacb FreeRTOS/Source/list.o
 .debug_info    0x0000000000000acb     0x2965 FreeRTOS/Source/tasks.o
 .debug_info    0x0000000000003430      0x533 FreeRTOS/Source/portable/GCC/ARM_CM4F/port.o
 .debug_info    0x0000000000003963       0xcd src/main.o
 .debug_info    0x0000000000003a30      0x612 src/system_stm32f4xx.o
 .debug_info    0x0000000000004042       0x22 startup/startup_stm32.o

.debug_abbrev   0x0000000000000000      0x91b
 .debug_abbrev  0x0000000000000000      0x1cf FreeRTOS/Source/list.o
 .debug_abbrev  0x00000000000001cf      0x350 FreeRTOS/Source/tasks.o
 .debug_abbrev  0x000000000000051f      0x210 FreeRTOS/Source/portable/GCC/ARM_CM4F/port.o
 .debug_abbrev  0x000000000000072f       0x7d src/main.o
 .debug_abbrev  0x00000000000007ac      0x15d src/system_stm32f4xx.o
 .debug_abbrev  0x0000000000000909       0x12 startup/startup_stm32.o

.debug_aranges  0x0000000000000000      0x330
 .debug_aranges
                0x0000000000000000       0x40 FreeRTOS/Source/list.o
 .debug_aranges
                0x0000000000000040      0x1f8 FreeRTOS/Source/tasks.o
 .debug_aranges
                0x0000000000000238       0x80 FreeRTOS/Source/portable/GCC/ARM_CM4F/port.o
 .debug_aranges
                0x00000000000002b8       0x20 src/main.o
 .debug_aranges
                0x00000000000002d8       0x30 src/system_stm32f4xx.o
 .debug_aranges
                0x0000000000000308       0x28 startup/startup_stm32.o

.debug_ranges   0x0000000000000000      0x2d8
 .debug_ranges  0x0000000000000000       0x30 FreeRTOS/Source/list.o
 .debug_ranges  0x0000000000000030      0x1e8 FreeRTOS/Source/tasks.o
 .debug_ranges  0x0000000000000218       0x70 FreeRTOS/Source/portable/GCC/ARM_CM4F/port.o
 .debug_ranges  0x0000000000000288       0x10 src/main.o
 .debug_ranges  0x0000000000000298       0x20 src/system_stm32f4xx.o
 .debug_ranges  0x00000000000002b8       0x20 startup/startup_stm32.o

.debug_macro    0x0000000000000000      0x918
 .debug_macro   0x0000000000000000      0x186 FreeRTOS/Source/list.o
 .debug_macro   0x0000000000000186      0x26c FreeRTOS/Source/tasks.o
 .debug_macro   0x00000000000003f2       0x10 FreeRTOS/Source/tasks.o
 .debug_macro   0x0000000000000402      0x196 FreeRTOS/Source/portable/GCC/ARM_CM4F/port.o
 .debug_macro   0x0000000000000598      0x1ae src/main.o
 .debug_macro   0x0000000000000746      0x1d2 src/system_stm32f4xx.o

.debug_line     0x0000000000000000     0x3178
 .debug_line    0x0000000000000000      0x6f3 FreeRTOS/Source/list.o
 .debug_line    0x00000000000006f3     0x142d FreeRTOS/Source/tasks.o
 .debug_line    0x0000000000001b20      0x771 FreeRTOS/Source/portable/GCC/ARM_CM4F/port.o
 .debug_line    0x0000000000002291      0x6f0 src/main.o
 .debug_line    0x0000000000002981      0x77b src/system_stm32f4xx.o
 .debug_line    0x00000000000030fc       0x7c startup/startup_stm32.o

.debug_str      0x0000000000000000    0x68eca
 .debug_str     0x0000000000000000     0xa7b0 FreeRTOS/Source/list.o
                                       0xaa2f (size before relaxing)
 .debug_str     0x000000000000a7b0     0x2fa5 FreeRTOS/Source/tasks.o
                                       0xda0a (size before relaxing)
 .debug_str     0x000000000000d755      0x7e3 FreeRTOS/Source/portable/GCC/ARM_CM4F/port.o
                                       0x9377 (size before relaxing)
 .debug_str     0x000000000000df38    0x5ad03 src/main.o
                                      0x5e993 (size before relaxing)
 .debug_str     0x0000000000068c3b      0x266 src/system_stm32f4xx.o
                                      0x5ec16 (size before relaxing)
 .debug_str     0x0000000000068ea1       0x29 startup/startup_stm32.o
                                         0x84 (size before relaxing)

.comment        0x0000000000000000       0x7b
 .comment       0x0000000000000000       0x7b FreeRTOS/Source/list.o
                                         0x7c (size before relaxing)
 .comment       0x000000000000007b       0x7c FreeRTOS/Source/tasks.o
 .comment       0x000000000000007b       0x7c FreeRTOS/Source/portable/GCC/ARM_CM4F/port.o
 .comment       0x000000000000007b       0x7c src/main.o
 .comment       0x000000000000007b       0x7c src/system_stm32f4xx.o

.debug_frame    0x0000000000000000      0xbe4
 .debug_frame   0x0000000000000000       0xd8 FreeRTOS/Source/list.o
 .debug_frame   0x00000000000000d8      0x894 FreeRTOS/Source/tasks.o
 .debug_frame   0x000000000000096c      0x1a8 FreeRTOS/Source/portable/GCC/ARM_CM4F/port.o
 .debug_frame   0x0000000000000b14       0x28 src/main.o
 .debug_frame   0x0000000000000b3c       0x7c src/system_stm32f4xx.o
 .debug_frame   0x0000000000000bb8       0x2c /opt/st/stm32cubeide_1.3.0_2/plugins/com.st.stm32cube.ide.mcu.externaltools.gnu-tools-for-stm32.7-2018-q2-update.linux64_1.0.0.201904181610/tools/bin/../lib/gcc/arm-none-eabi/7.3.1/../../../../arm-none-eabi/lib/thumb/v7e-m/fpv4-sp/hard/libc_nano.a(lib_a-init.o)
