core_cm4.h:1547:22:NVIC_EnableIRQ	16	static
core_cm4.h:1559:22:NVIC_DisableIRQ	16	static
core_cm4.h:1629:22:NVIC_SetPriority	16	static
main.c:80:5:main	16	static
main.c:124:6:menu_display_task	32	static
main.c:137:6:cmd_handling_task	32	static
main.c:164:6:cmd_processing_task	88	static
main.c:210:6:uart_write_task	24	static
main.c:222:6:Init_GPIO_LED	16	static
main.c:243:6:Init_UART	32	static
main.c:289:6:printmsg	24	static
main.c:297:6:rtos_delayms	16	static
main.c:303:6:UART4_IRQHandler	24	static,ignoring_inline_asm
main.c:331:9:getCommandCode	16	static
main.c:336:6:getArguments	16	static
main.c:341:6:make_led_on	8	static
main.c:345:6:make_led_off	8	static
main.c:350:6:led_toggle	16	static
main.c:353:6:make_led_toggle_start	32	static
main.c:363:6:make_led_toggle_stop	16	static
main.c:370:6:make_led_status_read	24	static
main.c:375:6:make_rtc_datetime_read	56	static
main.c:389:6:make_exit_app	8	static
main.c:404:6:print_errormsg	24	static
main.c:410:6:vApplicationIdleHook	4	static,ignoring_inline_asm
